Component: ARM Compiler 5.06 update 1 (build 61) Tool: armlink [4d35a8]

==============================================================================

Section Cross References

    main.o(i.GetData_RDATA) refers to main.o(i.nrf_gpio_pin_clear) for nrf_gpio_pin_clear
    main.o(i.GetData_RDATA) refers to nrf_log_frontend.o(i.nrf_log_frontend_std_0) for nrf_log_frontend_std_0
    main.o(i.GetData_RDATA) refers to nrf_drv_spi.o(i.nrf_drv_spi_transfer) for nrf_drv_spi_transfer
    main.o(i.GetData_RDATA) refers to app_error.o(i.app_error_handler_bare) for app_error_handler_bare
    main.o(i.GetData_RDATA) refers to main.o(.data) for .data
    main.o(i.GetData_RDATA) refers to main.o(.bss) for .bss
    main.o(i.GetData_RDATA) refers to main.o(.constdata) for .constdata
    main.o(i.GetData_RDATAC) refers to main.o(i.SendADSCommand) for SendADSCommand
    main.o(i.GetData_RDATAC) refers to nrf_log_frontend.o(i.nrf_log_frontend_std_0) for nrf_log_frontend_std_0
    main.o(i.GetData_RDATAC) refers to main.o(i.nrf_gpio_pin_clear) for nrf_gpio_pin_clear
    main.o(i.GetData_RDATAC) refers to nrf_drv_spi.o(i.nrf_drv_spi_transfer) for nrf_drv_spi_transfer
    main.o(i.GetData_RDATAC) refers to app_error.o(i.app_error_handler_bare) for app_error_handler_bare
    main.o(i.GetData_RDATAC) refers to main.o(i.nrf_gpio_pin_set) for nrf_gpio_pin_set
    main.o(i.GetData_RDATAC) refers to ble_nus.o(i.ble_nus_string_send) for ble_nus_string_send
    main.o(i.GetData_RDATAC) refers to main.o(.data) for .data
    main.o(i.GetData_RDATAC) refers to main.o(.bss) for .bss
    main.o(i.GetData_RDATAC) refers to main.o(.constdata) for .constdata
    main.o(i.PowerUp_ADS) refers to main.o(i.nrf_delay_us) for nrf_delay_us
    main.o(i.PowerUp_ADS) refers to main.o(i.nrf_gpio_pin_clear) for nrf_gpio_pin_clear
    main.o(i.PowerUp_ADS) refers to main.o(i.nrf_gpio_pin_set) for nrf_gpio_pin_set
    main.o(i.RREG_ADS) refers to main.o(i.nrf_gpio_pin_clear) for nrf_gpio_pin_clear
    main.o(i.RREG_ADS) refers to nrf_log_frontend.o(i.nrf_log_frontend_std_0) for nrf_log_frontend_std_0
    main.o(i.RREG_ADS) refers to nrf_drv_spi.o(i.nrf_drv_spi_transfer) for nrf_drv_spi_transfer
    main.o(i.RREG_ADS) refers to app_error.o(i.app_error_handler_bare) for app_error_handler_bare
    main.o(i.RREG_ADS) refers to main.o(i.nrf_delay_us) for nrf_delay_us
    main.o(i.RREG_ADS) refers to main.o(i.nrf_gpio_pin_set) for nrf_gpio_pin_set
    main.o(i.RREG_ADS) refers to main.o(.data) for .data
    main.o(i.RREG_ADS) refers to main.o(.bss) for .bss
    main.o(i.RREG_ADS) refers to main.o(.constdata) for .constdata
    main.o(i.Recognize_ADS) refers to main.o(i.RREG_ADS) for RREG_ADS
    main.o(i.Recognize_ADS) refers to boards.o(i.bsp_board_led_invert) for bsp_board_led_invert
    main.o(i.Recognize_ADS) refers to main.o(i.nrf_delay_us) for nrf_delay_us
    main.o(i.Recognize_ADS) refers to main.o(.data) for .data
    main.o(i.Reset_ADS) refers to main.o(i.nrf_gpio_pin_set) for nrf_gpio_pin_set
    main.o(i.Reset_ADS) refers to main.o(i.nrf_delay_us) for nrf_delay_us
    main.o(i.Reset_ADS) refers to main.o(i.nrf_gpio_pin_clear) for nrf_gpio_pin_clear
    main.o(i.SendADSCommand) refers to main.o(i.nrf_gpio_pin_clear) for nrf_gpio_pin_clear
    main.o(i.SendADSCommand) refers to nrf_log_frontend.o(i.nrf_log_frontend_std_0) for nrf_log_frontend_std_0
    main.o(i.SendADSCommand) refers to nrf_drv_spi.o(i.nrf_drv_spi_transfer) for nrf_drv_spi_transfer
    main.o(i.SendADSCommand) refers to app_error.o(i.app_error_handler_bare) for app_error_handler_bare
    main.o(i.SendADSCommand) refers to main.o(i.nrf_delay_us) for nrf_delay_us
    main.o(i.SendADSCommand) refers to main.o(i.nrf_gpio_pin_set) for nrf_gpio_pin_set
    main.o(i.SendADSCommand) refers to main.o(.data) for .data
    main.o(i.SendADSCommand) refers to main.o(.bss) for .bss
    main.o(i.SendADSCommand) refers to main.o(.constdata) for .constdata
    main.o(i.Send_Data_uint24) refers to app_uart_fifo.o(i.app_uart_put) for app_uart_put
    main.o(i.Send_Data_uint32) refers to app_uart_fifo.o(i.app_uart_put) for app_uart_put
    main.o(i.Send_Header) refers to app_uart_fifo.o(i.app_uart_put) for app_uart_put
    main.o(i.WREG_ADS) refers to main.o(i.nrf_gpio_pin_clear) for nrf_gpio_pin_clear
    main.o(i.WREG_ADS) refers to nrf_log_frontend.o(i.nrf_log_frontend_std_0) for nrf_log_frontend_std_0
    main.o(i.WREG_ADS) refers to nrf_drv_spi.o(i.nrf_drv_spi_transfer) for nrf_drv_spi_transfer
    main.o(i.WREG_ADS) refers to app_error.o(i.app_error_handler_bare) for app_error_handler_bare
    main.o(i.WREG_ADS) refers to main.o(i.nrf_delay_us) for nrf_delay_us
    main.o(i.WREG_ADS) refers to main.o(i.nrf_gpio_pin_set) for nrf_gpio_pin_set
    main.o(i.WREG_ADS) refers to main.o(.data) for .data
    main.o(i.WREG_ADS) refers to main.o(.bss) for .bss
    main.o(i.WREG_ADS) refers to main.o(.constdata) for .constdata
    main.o(i.advertising_init) refers to memseta.o(.text) for __aeabi_memclr4
[...]
    i.nrf_drv_gpiote_init                    0x000225d8   Section        0  nrf_drv_gpiote.o(i.nrf_drv_gpiote_init)
    i.nrf_drv_gpiote_is_init                 0x00022634   Section        0  nrf_drv_gpiote.o(i.nrf_drv_gpiote_is_init)
    i.nrf_drv_is_in_RAM                      0x00022648   Section        0  nrf_drv_uart.o(i.nrf_drv_is_in_RAM)
    nrf_drv_is_in_RAM                        0x00022649   Thumb Code    16  nrf_drv_uart.o(i.nrf_drv_is_in_RAM)
    i.nrf_drv_is_in_RAM                      0x00022658   Section        0  nrf_drv_spi.o(i.nrf_drv_is_in_RAM)
    nrf_drv_is_in_RAM                        0x00022659   Thumb Code    16  nrf_drv_spi.o(i.nrf_drv_is_in_RAM)
    i.nrf_drv_spi_init                       0x00022668   Section        0  nrf_drv_spi.o(i.nrf_drv_spi_init)
    i.nrf_drv_spi_transfer                   0x00022790   Section        0  nrf_drv_spi.o(i.nrf_drv_spi_transfer)
    i.nrf_drv_spi_xfer                       0x000227ac   Section        0  nrf_drv_spi.o(i.nrf_drv_spi_xfer)
    i.nrf_drv_uart_init                      0x0002280c   Section        0  nrf_drv_uart.o(i.nrf_drv_uart_init)
    i.nrf_drv_uart_rx                        0x00022874   Section        0  nrf_drv_uart.o(i.nrf_drv_uart_rx)
    i.nrf_drv_uart_rx_enable                 0x00022924   Section        0  nrf_drv_uart.o(i.nrf_drv_uart_rx_enable)
    i.nrf_drv_uart_rx_for_uart               0x00022954   Section        0  nrf_drv_uart.o(i.nrf_drv_uart_rx_for_uart)
    nrf_drv_uart_rx_for_uart                 0x00022955   Thumb Code   162  nrf_drv_uart.o(i.nrf_drv_uart_rx_for_uart)
    i.nrf_drv_uart_rx_for_uarte              0x000229fc   Section        0  nrf_drv_uart.o(i.nrf_drv_uart_rx_for_uarte)
    nrf_drv_uart_rx_for_uarte                0x000229fd   Thumb Code   172  nrf_drv_uart.o(i.nrf_drv_uart_rx_for_uarte)
    i.nrf_drv_uart_tx                        0x00022aac   Section        0  nrf_drv_uart.o(i.nrf_drv_uart_tx)
    i.nrf_drv_uart_tx_in_progress            0x00022bb8   Section        0  nrf_drv_uart.o(i.nrf_drv_uart_tx_in_progress)
    i.nrf_gpio_cfg                           0x00022bd0   Section        0  main.o(i.nrf_gpio_cfg)
    nrf_gpio_cfg                             0x00022bd1   Thumb Code    36  main.o(i.nrf_gpio_cfg)
    i.nrf_gpio_cfg                           0x00022bf4   Section        0  boards.o(i.nrf_gpio_cfg)
    nrf_gpio_cfg                             0x00022bf5   Thumb Code    36  boards.o(i.nrf_gpio_cfg)
    i.nrf_gpio_cfg                           0x00022c18   Section        0  nrf_drv_gpiote.o(i.nrf_gpio_cfg)
    nrf_gpio_cfg                             0x00022c19   Thumb Code    36  nrf_drv_gpiote.o(i.nrf_gpio_cfg)
    i.nrf_gpio_cfg                           0x00022c3c   Section        0  nrf_drv_uart.o(i.nrf_gpio_cfg)
    nrf_gpio_cfg                             0x00022c3d   Thumb Code    36  nrf_drv_uart.o(i.nrf_gpio_cfg)
    i.nrf_gpio_cfg                           0x00022c60   Section        0  nrf_drv_spi.o(i.nrf_gpio_cfg)
    nrf_gpio_cfg                             0x00022c61   Thumb Code    36  nrf_drv_spi.o(i.nrf_gpio_cfg)
    i.nrf_gpio_cfg_input                     0x00022c84   Section        0  nrf_drv_uart.o(i.nrf_gpio_cfg_input)
    nrf_gpio_cfg_input                       0x00022c85   Thumb Code    18  nrf_drv_uart.o(i.nrf_gpio_cfg_input)
    i.nrf_gpio_cfg_output                    0x00022c96   Section        0  main.o(i.nrf_gpio_cfg_output)
    nrf_gpio_cfg_output                      0x00022c97   Thumb Code    20  main.o(i.nrf_gpio_cfg_output)
    i.nrf_gpio_cfg_output                    0x00022caa   Section        0  nrf_drv_uart.o(i.nrf_gpio_cfg_output)
    nrf_gpio_cfg_output                      0x00022cab   Thumb Code    20  nrf_drv_uart.o(i.nrf_gpio_cfg_output)
    i.nrf_gpio_cfg_output                    0x00022cbe   Section        0  nrf_drv_spi.o(i.nrf_gpio_cfg_output)
    nrf_gpio_cfg_output                      0x00022cbf   Thumb Code    20  nrf_drv_spi.o(i.nrf_gpio_cfg_output)
    i.nrf_gpio_cfg_sense_set                 0x00022cd2   Section        0  bsp.o(i.nrf_gpio_cfg_sense_set)
    nrf_gpio_cfg_sense_set                   0x00022cd3   Thumb Code    34  bsp.o(i.nrf_gpio_cfg_sense_set)
    i.nrf_gpio_cfg_sense_set                 0x00022cf4   Section        0  nrf_drv_gpiote.o(i.nrf_gpio_cfg_sense_set)
    nrf_gpio_cfg_sense_set                   0x00022cf5   Thumb Code    34  nrf_drv_gpiote.o(i.nrf_gpio_cfg_sense_set)
    i.nrf_gpio_pin_clear                     0x00022d16   Section        0  main.o(i.nrf_gpio_pin_clear)
    nrf_gpio_pin_clear                       0x00022d17   Thumb Code    14  main.o(i.nrf_gpio_pin_clear)
    i.nrf_gpio_pin_set                       0x00022d24   Section        0  main.o(i.nrf_gpio_pin_set)
    nrf_gpio_pin_set                         0x00022d25   Thumb Code    14  main.o(i.nrf_gpio_pin_set)
    i.nrf_gpio_pin_set                       0x00022d32   Section        0  nrf_drv_spi.o(i.nrf_gpio_pin_set)
    nrf_gpio_pin_set                         0x00022d33   Thumb Code    14  nrf_drv_spi.o(i.nrf_gpio_pin_set)
    i.nrf_gpio_pin_write                     0x00022d40   Section        0  boards.o(i.nrf_gpio_pin_write)
    nrf_gpio_pin_write                       0x00022d41   Thumb Code    22  boards.o(i.nrf_gpio_pin_write)
    i.nrf_gpio_ports_read                    0x00022d58   Section        0  nrf_drv_gpiote.o(i.nrf_gpio_ports_read)
    nrf_gpio_ports_read                      0x00022d59   Thumb Code    34  nrf_drv_gpiote.o(i.nrf_gpio_ports_read)
    i.nrf_gpiote_event_clear                 0x00022d80   Section        0  nrf_drv_gpiote.o(i.nrf_gpiote_event_clear)
    nrf_gpiote_event_clear                   0x00022d81   Thumb Code    16  nrf_drv_gpiote.o(i.nrf_gpiote_event_clear)
    i.nrf_gpiote_event_is_set                0x00022d94   Section        0  nrf_drv_gpiote.o(i.nrf_gpiote_event_is_set)
    nrf_gpiote_event_is_set                  0x00022d95   Thumb Code    12  nrf_drv_gpiote.o(i.nrf_gpiote_event_is_set)
    i.nrf_log_backend_hexdump_handler_get    0x00022da4   Section        0  nrf_log_backend_serial.o(i.nrf_log_backend_hexdump_handler_get)
    i.nrf_log_backend_init                   0x00022dac   Section        0  nrf_log_backend_serial.o(i.nrf_log_backend_init)
    i.nrf_log_backend_serial_hexdump_handler 0x00022dd0   Section        0  nrf_log_backend_serial.o(i.nrf_log_backend_serial_hexdump_handler)
    nrf_log_backend_serial_hexdump_handler   0x00022dd1   Thumb Code   284  nrf_log_backend_serial.o(i.nrf_log_backend_serial_hexdump_handler)
    i.nrf_log_backend_serial_std_handler     0x00022eec   Section        0  nrf_log_backend_serial.o(i.nrf_log_backend_serial_std_handler)
    nrf_log_backend_serial_std_handler       0x00022eed   Thumb Code   264  nrf_log_backend_serial.o(i.nrf_log_backend_serial_std_handler)
    i.nrf_log_backend_std_handler_get        0x00022ff4   Section        0  nrf_log_backend_serial.o(i.nrf_log_backend_std_handler_get)
    i.nrf_log_direct_feed                    0x00022ffc   Section        0  nrf_log_frontend.o(i.nrf_log_direct_feed)
    nrf_log_direct_feed                      0x00022ffd   Thumb Code    20  nrf_log_frontend.o(i.nrf_log_direct_feed)
    i.nrf_log_frontend_hexdump               0x00023014   Section        0  nrf_log_frontend.o(i.nrf_log_frontend_hexdump)
    i.nrf_log_frontend_std_0                 0x00023048   Section        0  nrf_log_frontend.o(i.nrf_log_frontend_std_0)
    i.nrf_log_frontend_std_1                 0x00023050   Section        0  nrf_log_frontend.o(i.nrf_log_frontend_std_1)
    i.nrf_log_frontend_std_2                 0x0002305e   Section        0  nrf_log_frontend.o(i.nrf_log_frontend_std_2)
    i.nrf_log_handlers_set                   0x00023070   Section        0  nrf_log_frontend.o(i.nrf_log_handlers_set)
    i.nrf_log_init                           0x0002307c   Section        0  nrf_log_frontend.o(i.nrf_log_init)
    i.nrf_spim_event_check                   0x0002309e   Section        0  nrf_drv_spi.o(i.nrf_spim_event_check)
    nrf_spim_event_check                     0x0002309f   Thumb Code    10  nrf_drv_spi.o(i.nrf_spim_event_check)
    i.nrf_uart_event_check                   0x000230a8   Section        0  nrf_drv_uart.o(i.nrf_uart_event_check)
    nrf_uart_event_check                     0x000230a9   Thumb Code    10  nrf_drv_uart.o(i.nrf_uart_event_check)
    i.nrf_uart_event_clear                   0x000230b2   Section        0  nrf_drv_uart.o(i.nrf_uart_event_clear)
    nrf_uart_event_clear                     0x000230b3   Thumb Code    12  nrf_drv_uart.o(i.nrf_uart_event_clear)
    i.nrf_uart_int_enable_check              0x000230be   Section        0  nrf_drv_uart.o(i.nrf_uart_int_enable_check)
    nrf_uart_int_enable_check                0x000230bf   Thumb Code    12  nrf_drv_uart.o(i.nrf_uart_int_enable_check)
    i.nrf_uarte_event_check                  0x000230ca   Section        0  nrf_drv_uart.o(i.nrf_uarte_event_check)
    nrf_uarte_event_check                    0x000230cb   Thumb Code    10  nrf_drv_uart.o(i.nrf_uarte_event_check)
    i.nrf_uarte_event_clear                  0x000230d4   Section        0  nrf_drv_uart.o(i.nrf_uarte_event_clear)
    nrf_uarte_event_clear                    0x000230d5   Thumb Code    12  nrf_drv_uart.o(i.nrf_uarte_event_clear)
    i.nus_data_handler                       0x000230e0   Section        0  main.o(i.nus_data_handler)
    nus_data_handler                         0x000230e1   Thumb Code    72  main.o(i.nus_data_handler)
    i.on_adv_evt                             0x00023160   Section        0  main.o(i.on_adv_evt)
    on_adv_evt                               0x00023161   Thumb Code    36  main.o(i.on_adv_evt)
    i.on_ble_evt                             0x00023184   Section        0  main.o(i.on_ble_evt)
    on_ble_evt                               0x00023185   Thumb Code   252  main.o(i.on_ble_evt)
    i.on_conn_params_evt                     0x000232b4   Section        0  main.o(i.on_conn_params_evt)
    on_conn_params_evt                       0x000232b5   Thumb Code    24  main.o(i.on_conn_params_evt)
    i.on_connected_evt                       0x000232d0   Section        0  nrf_ble_gatt.o(i.on_connected_evt)
    on_connected_evt                         0x000232d1   Thumb Code   122  nrf_ble_gatt.o(i.on_connected_evt)
    i.on_exchange_mtu_request_evt            0x00023354   Section        0  nrf_ble_gatt.o(i.on_exchange_mtu_request_evt)
    on_exchange_mtu_request_evt              0x00023355   Thumb Code    94  nrf_ble_gatt.o(i.on_exchange_mtu_request_evt)
    i.pin_in_use_by_port                     0x000233bc   Section        0  nrf_drv_gpiote.o(i.pin_in_use_by_port)
    pin_in_use_by_port                       0x000233bd   Thumb Code    20  nrf_drv_gpiote.o(i.pin_in_use_by_port)
    i.pin_in_use_by_te                       0x000233d4   Section        0  nrf_drv_gpiote.o(i.pin_in_use_by_te)
    pin_in_use_by_te                         0x000233d5   Thumb Code    20  nrf_drv_gpiote.o(i.pin_in_use_by_te)
    i.rtc1_stop                              0x000233ec   Section        0  app_timer.o(i.rtc1_stop)
    rtc1_stop                                0x000233ed   Thumb Code    52  app_timer.o(i.rtc1_stop)
    i.rx_byte                                0x00023428   Section        0  nrf_drv_uart.o(i.rx_byte)
    rx_byte                                  0x00023429   Thumb Code    50  nrf_drv_uart.o(i.rx_byte)
    i.rx_char_add                            0x0002345a   Section        0  ble_nus.o(i.rx_char_add)
    rx_char_add                              0x0002345b   Thumb Code   162  ble_nus.o(i.rx_char_add)
    i.rx_done_event                          0x000234fc   Section        0  nrf_drv_uart.o(i.rx_done_event)
    rx_done_event                            0x000234fd   Thumb Code    24  nrf_drv_uart.o(i.rx_done_event)
    i.rx_enable                              0x00023514   Section        0  nrf_drv_uart.o(i.rx_enable)
    rx_enable                                0x00023515   Thumb Code    32  nrf_drv_uart.o(i.rx_enable)
    i.sd_nvic_EnableIRQ                      0x00023534   Section        0  softdevice_handler.o(i.sd_nvic_EnableIRQ)
    sd_nvic_EnableIRQ                        0x00023535   Thumb Code   106  softdevice_handler.o(i.sd_nvic_EnableIRQ)
    i.serial_tx                              0x000235a4   Section        0  nrf_log_backend_serial.o(i.serial_tx)
    serial_tx                                0x000235a5   Thumb Code    46  nrf_log_backend_serial.o(i.serial_tx)
    i.service_data_encode                    0x000235d4   Section        0  ble_advdata.o(i.service_data_encode)
    service_data_encode                      0x000235d5   Thumb Code   136  ble_advdata.o(i.service_data_encode)
    i.set_adv_mode_fast                      0x0002365c   Section        0  ble_advertising.o(i.set_adv_mode_fast)
    set_adv_mode_fast                        0x0002365d   Thumb Code    64  ble_advertising.o(i.set_adv_mode_fast)
    i.set_adv_mode_slow                      0x000236a4   Section        0  ble_advertising.o(i.set_adv_mode_slow)
    set_adv_mode_slow                        0x000236a5   Thumb Code    60  ble_advertising.o(i.set_adv_mode_slow)
    i.sleep_mode_enter                       0x000236e8   Section        0  main.o(i.sleep_mode_enter)
    sleep_mode_enter                         0x000236e9   Thumb Code    40  main.o(i.sleep_mode_enter)
    i.softdevice_app_ram_start_get           0x00023710   Section        0  softdevice_handler.o(i.softdevice_app_ram_start_get)
    i.softdevice_ble_evt_handler_set         0x00023724   Section        0  softdevice_handler.o(i.softdevice_ble_evt_handler_set)
    i.softdevice_enable                      0x00023738   Section        0  softdevice_handler.o(i.softdevice_enable)
    i.softdevice_fault_handler               0x00023828   Section        0  softdevice_handler.o(i.softdevice_fault_handler)
    i.softdevice_handler_init                0x0002382c   Section        0  softdevice_handler.o(i.softdevice_handler_init)
    i.softdevice_handler_is_enabled          0x00023890   Section        0  softdevice_handler.o(i.softdevice_handler_is_enabled)
    i.spi_event_handler                      0x0002389c   Section        0  main.o(i.spi_event_handler)
    i.spim_xfer                              0x00023920   Section        0  nrf_drv_spi.o(i.spim_xfer)
    spim_xfer                                0x00023921   Thumb Code   178  nrf_drv_spi.o(i.spim_xfer)
    i.timer_list_handler                     0x000239d4   Section        0  app_timer.o(i.timer_list_handler)
    timer_list_handler                       0x000239d5   Thumb Code   122  app_timer.o(i.timer_list_handler)
    i.timer_list_insert                      0x00023a54   Section        0  app_timer.o(i.timer_list_insert)
    timer_list_insert                        0x00023a55   Thumb Code    56  app_timer.o(i.timer_list_insert)
    i.timer_list_remove                      0x00023a90   Section        0  app_timer.o(i.timer_list_remove)
    timer_list_remove                        0x00023a91   Thumb Code    88  app_timer.o(i.timer_list_remove)
    i.timer_stop_op_schedule                 0x00023af0   Section        0  app_timer.o(i.timer_stop_op_schedule)
    timer_stop_op_schedule                   0x00023af1   Thumb Code    68  app_timer.o(i.timer_stop_op_schedule)
    i.timer_timeouts_check                   0x00023b38   Section        0  app_timer.o(i.timer_timeouts_check)
    timer_timeouts_check                     0x00023b39   Thumb Code   106  app_timer.o(i.timer_timeouts_check)
    i.timestamp_process                      0x00023bac   Section        0  nrf_log_backend_serial.o(i.timestamp_process)
    timestamp_process                        0x00023bad   Thumb Code    44  nrf_log_backend_serial.o(i.timestamp_process)
    i.tx_byte                                0x00023be0   Section        0  nrf_drv_uart.o(i.tx_byte)
    tx_byte                                  0x00023be1   Thumb Code    32  nrf_drv_uart.o(i.tx_byte)
    i.tx_char_add                            0x00023c00   Section        0  ble_nus.o(i.tx_char_add)
    tx_char_add                              0x00023c01   Thumb Code   218  ble_nus.o(i.tx_char_add)
    i.tx_done_event                          0x00023cda   Section        0  nrf_drv_uart.o(i.tx_done_event)
    tx_done_event                            0x00023cdb   Thumb Code    28  nrf_drv_uart.o(i.tx_done_event)
    i.uart_event_handle                      0x00023cf8   Section        0  main.o(i.uart_event_handle)
    i.uart_event_handler                     0x00023d5c   Section        0  app_uart_fifo.o(i.uart_event_handler)
    uart_event_handler                       0x00023d5d   Thumb Code   152  app_uart_fifo.o(i.uart_event_handler)
    i.uart_irq_handler                       0x00023dfc   Section        0  nrf_drv_uart.o(i.uart_irq_handler)
    uart_irq_handler                         0x00023dfd   Thumb Code   286  nrf_drv_uart.o(i.uart_irq_handler)
    i.uarte_irq_handler                      0x00023f1a   Section        0  nrf_drv_uart.o(i.uarte_irq_handler)
    uarte_irq_handler                        0x00023f1b   Thumb Code   240  nrf_drv_uart.o(i.uarte_irq_handler)
    i.uint16_encode                          0x0002400a   Section        0  ble_advdata.o(i.uint16_encode)
    uint16_encode                            0x0002400b   Thumb Code    10  ble_advdata.o(i.uint16_encode)
    i.update_timeout_handler                 0x00024014   Section        0  ble_conn_params.o(i.update_timeout_handler)
    update_timeout_handler                   0x00024015   Thumb Code    88  ble_conn_params.o(i.update_timeout_handler)
    i.user_op_alloc                          0x00024074   Section        0  app_timer.o(i.user_op_alloc)
    user_op_alloc                            0x00024075   Thumb Code    42  app_timer.o(i.user_op_alloc)
    i.uuid_list_encode                       0x000240a4   Section        0  ble_advdata.o(i.uuid_list_encode)
    uuid_list_encode                         0x000240a5   Thumb Code    48  ble_advdata.o(i.uuid_list_encode)
    i.uuid_list_sized_encode                 0x000240d4   Section        0  ble_advdata.o(i.uuid_list_sized_encode)
    uuid_list_sized_encode                   0x000240d5   Thumb Code   158  ble_advdata.o(i.uuid_list_sized_encode)
    .constdata                               0x00024174   Section       52  main.o(.constdata)
    spi                                      0x00024178   Data           8  main.o(.constdata)
    .constdata                               0x000241a8   Section        8  boards.o(.constdata)
    m_board_led_list                         0x000241a8   Data           4  boards.o(.constdata)
    m_board_btn_list                         0x000241ac   Data           4  boards.o(.constdata)
    .constdata                               0x000241b0   Section       44  bsp.o(.constdata)
    m_leds_timer_id                          0x000241b0   Data           4  bsp.o(.constdata)
    m_alert_timer_id                         0x000241b4   Data           4  bsp.o(.constdata)
    m_button_timer_id                        0x000241b8   Data           4  bsp.o(.constdata)
    app_buttons                              0x000241bc   Data          32  bsp.o(.constdata)
    .constdata                               0x000241dc   Section        4  ble_conn_params.o(.constdata)
    m_conn_params_timer_id                   0x000241dc   Data           4  ble_conn_params.o(.constdata)
    .constdata                               0x000241e0   Section       22  nrf_ble_gatt.o(.constdata)
    .constdata                               0x000241f8   Section       16  ble_nus.o(.constdata)
    .constdata                               0x00024208   Section        4  nrf_drv_gpiote.o(.constdata)
    .constdata                               0x0002420c   Section        8  app_button.o(.constdata)
    m_detection_delay_timer_id               0x0002420c   Data           4  app_button.o(.constdata)
    .constdata                               0x00024214   Section       32  app_uart_fifo.o(.constdata)
    .constdata                               0x00024234   Section      129  ctype_o.o(.constdata)
    .constdata                               0x000242b8   Section        4  ctype_o.o(.constdata)
    table                                    0x000242b8   Data           4  ctype_o.o(.constdata)
    .conststring                             0x000242bc   Section      390  nrf_ble_gatt.o(.conststring)
    .data                                    0x200025f8   Section       22  main.o(.data)
    index                                    0x200025f8   Data           1  main.o(.data)
    spi_xfer_done                            0x200025f9   Data           1  main.o(.data)
    m_conn_handle                            0x200025fc   Data           2  main.o(.data)
    m_ble_nus_max_data_len                   0x200025fe   Data           2  main.o(.data)
    m_adv_uuids                              0x20002606   Data           4  main.o(.data)
    m_tx_buf                                 0x2000260a   Data           4  main.o(.data)
    .data                                    0x20002610   Section       16  bsp.o(.data)
    m_stable_state                           0x20002610   Data           1  bsp.o(.data)
    m_leds_clear                             0x20002611   Data           1  bsp.o(.data)
    m_alert_on                               0x20002612   Data           1  bsp.o(.data)
    current_long_push_pin_no                 0x20002613   Data           1  bsp.o(.data)
    m_indication_type                        0x20002614   Data           4  bsp.o(.data)
    m_registered_callback                    0x20002618   Data           4  bsp.o(.data)
    release_event_at_push                    0x2000261c   Data           4  bsp.o(.data)
    .data                                    0x20002620   Section        8  bsp_btn_ble.o(.data)
    m_error_handler                          0x20002620   Data           4  bsp_btn_ble.o(.data)
    m_num_connections                        0x20002624   Data           4  bsp_btn_ble.o(.data)
    .data                                    0x20002628   Section       31  ble_advertising.o(.data)
    m_initialized                            0x20002628   Data           1  ble_advertising.o(.data)
    m_advertising_start_pending              0x20002629   Data           1  ble_advertising.o(.data)
    m_adv_evt                                0x2000262a   Data           1  ble_advertising.o(.data)
    m_adv_mode_current                       0x2000262b   Data           1  ble_advertising.o(.data)
    m_conn_cfg_tag                           0x2000262c   Data           1  ble_advertising.o(.data)
    m_peer_addr_reply_expected               0x2000262d   Data           1  ble_advertising.o(.data)
    m_whitelist_temporarily_disabled         0x2000262e   Data           1  ble_advertising.o(.data)
    m_whitelist_reply_expected               0x2000262f   Data           1  ble_advertising.o(.data)
    m_whitelist_in_use                       0x20002630   Data           1  ble_advertising.o(.data)
    m_current_slave_link_conn_handle         0x20002632   Data           2  ble_advertising.o(.data)
    m_slave_conn_int                         0x20002634   Data           4  ble_advertising.o(.data)
    m_evt_handler                            0x20002638   Data           4  ble_advertising.o(.data)
    m_error_handler                          0x2000263c   Data           4  ble_advertising.o(.data)
    m_peer_address                           0x20002640   Data           7  ble_advertising.o(.data)
    .data                                    0x20002648   Section       20  ble_conn_params.o(.data)
    m_change_param                           0x20002648   Data           1  ble_conn_params.o(.data)
    m_update_count                           0x20002649   Data           1  ble_conn_params.o(.data)
    m_conn_handle                            0x2000264a   Data           2  ble_conn_params.o(.data)
    m_preferred_conn_params                  0x2000264c   Data           8  ble_conn_params.o(.data)
    m_current_conn_params                    0x20002654   Data           8  ble_conn_params.o(.data)
    .data                                    0x2000265c   Section       20  app_button.o(.data)
    m_button_count                           0x2000265c   Data           1  app_button.o(.data)
    mp_buttons                               0x20002660   Data           4  app_button.o(.data)
    m_detection_delay                        0x20002664   Data           4  app_button.o(.data)
    m_pin_state                              0x20002668   Data           4  app_button.o(.data)
    m_pin_transition                         0x2000266c   Data           4  app_button.o(.data)
    .data                                    0x20002670   Section       20  app_timer.o(.data)
    m_ticks_elapsed_q_read_ind               0x20002670   Data           1  app_timer.o(.data)
    m_ticks_elapsed_q_write_ind              0x20002671   Data           1  app_timer.o(.data)
    m_rtc1_running                           0x20002672   Data           1  app_timer.o(.data)
    m_rtc1_reset                             0x20002673   Data           1  app_timer.o(.data)
    mp_timer_id_head                         0x20002674   Data           4  app_timer.o(.data)
    m_ticks_latest                           0x20002678   Data           4  app_timer.o(.data)
    m_ticks_elapsed                          0x2000267c   Data           8  app_timer.o(.data)
    .data                                    0x20002684   Section       16  app_uart_fifo.o(.data)
    tx_buffer                                0x20002684   Data           1  app_uart_fifo.o(.data)
    rx_buffer                                0x20002685   Data           1  app_uart_fifo.o(.data)
    m_rx_ovf                                 0x20002686   Data           1  app_uart_fifo.o(.data)
    m_event_handler                          0x20002688   Data           4  app_uart_fifo.o(.data)
    app_uart_inst                            0x2000268c   Data           8  app_uart_fifo.o(.data)
    .data                                    0x20002694   Section        4  retarget.o(.data)
    .data                                    0x20002698   Section        2  nrf_log_backend_serial.o(.data)
    m_initialized                            0x20002698   Data           1  nrf_log_backend_serial.o(.data)
    m_blocking_mode                          0x20002699   Data           1  nrf_log_backend_serial.o(.data)
    .data                                    0x2000269c   Section       20  softdevice_handler.o(.data)
    m_softdevice_enabled                     0x2000269c   Data           1  softdevice_handler.o(.data)
    m_suspended                              0x2000269d   Data           1  softdevice_handler.o(.data)
    m_ble_evt_buffer_size                    0x2000269e   Data           2  softdevice_handler.o(.data)
    m_evt_schedule_func                      0x200026a0   Data           4  softdevice_handler.o(.data)
    m_sys_evt_handler                        0x200026a4   Data           4  softdevice_handler.o(.data)
    mp_ble_evt_buffer                        0x200026a8   Data           4  softdevice_handler.o(.data)
    m_ble_evt_handler                        0x200026ac   Data           4  softdevice_handler.o(.data)
    .data                                    0x200026b0   Section        4  system_nrf52.o(.data)
    __tagsym$$used                           0x200026b0   Number         0  system_nrf52.o(.data)
    .bss                                     0x200026b4   Section      956  main.o(.bss)
    BLE_EVT_BUFFER                           0x200026b4   Data         216  main.o(.bss)
    data_array                               0x2000278c   Data         155  main.o(.bss)
    rx_buf                                   0x20002827   Data         256  main.o(.bss)
    tx_buf                                   0x20002927   Data         256  main.o(.bss)
    m_nus                                    0x20002a28   Data          28  main.o(.bss)
    m_gatt                                   0x20002a44   Data          28  main.o(.bss)
    m_rx_buf                                 0x20002a60   Data          16  main.o(.bss)
    .bss                                     0x20002a70   Section       32  bsp.o(.bss)
    m_leds_timer_id_data                     0x20002a70   Data          32  bsp.o(.bss)
    .bss                                     0x20002a90   Section       32  bsp.o(.bss)
    m_alert_timer_id_data                    0x20002a90   Data          32  bsp.o(.bss)
    .bss                                     0x20002ab0   Section       12  bsp.o(.bss)
    m_events_list                            0x20002ab0   Data          12  bsp.o(.bss)
    .bss                                     0x20002abc   Section       32  bsp.o(.bss)
    m_button_timer_id_data                   0x20002abc   Data          32  bsp.o(.bss)
    .bss                                     0x20002adc   Section      179  ble_advertising.o(.bss)
    m_adv_modes_config                       0x20002adc   Data          32  ble_advertising.o(.bss)
    m_advdata                                0x20002afc   Data          60  ble_advertising.o(.bss)
    m_manuf_specific_data                    0x20002b38   Data          12  ble_advertising.o(.bss)
    m_manuf_data_array                       0x20002b44   Data          31  ble_advertising.o(.bss)
    m_service_data                           0x20002b64   Data          12  ble_advertising.o(.bss)
    m_service_data_array                     0x20002b70   Data          31  ble_advertising.o(.bss)
    .bss                                     0x20002b90   Section       32  ble_conn_params.o(.bss)
    m_conn_params_timer_id_data              0x20002b90   Data          32  ble_conn_params.o(.bss)
    .bss                                     0x20002bb0   Section       28  ble_conn_params.o(.bss)
    m_conn_params_config                     0x20002bb0   Data          28  ble_conn_params.o(.bss)
    .bss                                     0x20002bcc   Section       20  nrf_drv_clock.o(.bss)
    m_clock_cb                               0x20002bcc   Data          20  nrf_drv_clock.o(.bss)
    .bss                                     0x20002be0   Section       88  nrf_drv_gpiote.o(.bss)
    m_cb                                     0x20002be0   Data          88  nrf_drv_gpiote.o(.bss)
    .bss                                     0x20002c38   Section       32  nrf_drv_uart.o(.bss)
    m_cb                                     0x20002c38   Data          32  nrf_drv_uart.o(.bss)
    .bss                                     0x20002c58   Section       36  nrf_drv_spi.o(.bss)
    m_cb                                     0x20002c58   Data          36  nrf_drv_spi.o(.bss)
    .bss                                     0x20002c7c   Section       32  app_button.o(.bss)
    m_detection_delay_timer_id_data          0x20002c7c   Data          32  app_button.o(.bss)
    .bss                                     0x20002c9c   Section      268  app_timer.o(.bss)
    m_op_queue                               0x20002c9c   Data         268  app_timer.o(.bss)
    .bss                                     0x20002da8   Section       32  app_uart_fifo.o(.bss)
    m_rx_fifo                                0x20002da8   Data          16  app_uart_fifo.o(.bss)
    m_tx_fifo                                0x20002db8   Data          16  app_uart_fifo.o(.bss)
    .bss                                     0x20002dc8   Section       12  app_util_platform.o(.bss)
    .bss                                     0x20002dd4   Section      104  fstorage.o(.bss)
    m_queue                                  0x20002dd4   Data         104  fstorage.o(.bss)
    .bss                                     0x20002e3c   Section       28  nrf_log_frontend.o(.bss)
    m_log_data                               0x20002e3c   Data          28  nrf_log_frontend.o(.bss)
    .bss                                     0x20002e58   Section      648  segger_rtt.o(.bss)
    _acUpBuffer                              0x20002e58   Data         512  segger_rtt.o(.bss)
    _acDownBuffer                            0x20003058   Data          16  segger_rtt.o(.bss)
    STACK                                    0x200030e0   Section     8192  arm_startup_nrf52.o(STACK)

    Global Symbols

    Symbol Name                              Value     Ov Type        Size  Object(Section)

    BuildAttributes$$THM_ISAv4$E$P$D$K$B$S$7EM$VFPi3$EXTD16$VFPS$VFMA$PE$A:L22UL41UL21$X:L11$S22US41US21$IEEE1$IW$USESV6$~STKCKD$USESV7$~SHL$OSPACE$ROPI$EBA8$MICROLIB$REQ8$PRES8$EABIv2 0x00000000   Number         0  anon$$obj.o ABSOLUTE
    __ARM_use_no_argv                        0x00000000   Number         0  main.o ABSOLUTE
    _printf_a                                0x00000000   Number         0  stubs.o ABSOLUTE
    _printf_c                                0x00000000   Number         0  stubs.o ABSOLUTE
    _printf_charcount                        0x00000000   Number         0  stubs.o ABSOLUTE
    _printf_d                                0x00000000   Number         0  stubs.o ABSOLUTE
    _printf_e                                0x00000000   Number         0  stubs.o ABSOLUTE
    _printf_f                                0x00000000   Number         0  stubs.o ABSOLUTE
    _printf_flags                            0x00000000   Number         0  stubs.o ABSOLUTE
    _printf_fp_dec                           0x00000000   Number         0  stubs.o ABSOLUTE
    _printf_fp_hex                           0x00000000   Number         0  stubs.o ABSOLUTE
    _printf_g                                0x00000000   Number         0  stubs.o ABSOLUTE
    _printf_i                                0x00000000   Number         0  stubs.o ABSOLUTE
    _printf_int_dec                          0x00000000   Number         0  stubs.o ABSOLUTE
    _printf_l                                0x00000000   Number         0  stubs.o ABSOLUTE
    _printf_lc                               0x00000000   Number         0  stubs.o ABSOLUTE
    _printf_ll                               0x00000000   Number         0  stubs.o ABSOLUTE
    _printf_lld                              0x00000000   Number         0  stubs.o ABSOLUTE
    _printf_lli                              0x00000000   Number         0  stubs.o ABSOLUTE
    _printf_llo                              0x00000000   Number         0  stubs.o ABSOLUTE
    _printf_llu                              0x00000000   Number         0  stubs.o ABSOLUTE
    _printf_llx                              0x00000000   Number         0  stubs.o ABSOLUTE
    _printf_longlong_dec                     0x00000000   Number         0  stubs.o ABSOLUTE
    _printf_longlong_hex                     0x00000000   Number         0  stubs.o ABSOLUTE
    _printf_longlong_oct                     0x00000000   Number         0  stubs.o ABSOLUTE
    _printf_ls                               0x00000000   Number         0  stubs.o ABSOLUTE
    _printf_mbtowc                           0x00000000   Number         0  stubs.o ABSOLUTE
    _printf_n                                0x00000000   Number         0  stubs.o ABSOLUTE
    _printf_o                                0x00000000   Number         0  stubs.o ABSOLUTE
    _printf_p                                0x00000000   Number         0  stubs.o ABSOLUTE
    _printf_percent                          0x00000000   Number         0  stubs.o ABSOLUTE
    _printf_pre_padding                      0x00000000   Number         0  stubs.o ABSOLUTE
    _printf_return_value                     0x00000000   Number         0  stubs.o ABSOLUTE
    _printf_s                                0x00000000   Number         0  stubs.o ABSOLUTE
    _printf_sizespec                         0x00000000   Number         0  stubs.o ABSOLUTE
    _printf_str                              0x00000000   Number         0  stubs.o ABSOLUTE
    _printf_truncate_signed                  0x00000000   Number         0  stubs.o ABSOLUTE
    _printf_truncate_unsigned                0x00000000   Number         0  stubs.o ABSOLUTE
    _printf_u                                0x00000000   Number         0  stubs.o ABSOLUTE
    _printf_wc                               0x00000000   Number         0  stubs.o ABSOLUTE
    _printf_wctomb                           0x00000000   Number         0  stubs.o ABSOLUTE
    _printf_widthprec                        0x00000000   Number         0  stubs.o ABSOLUTE
    _printf_x                                0x00000000   Number         0  stubs.o ABSOLUTE
    __cpp_initialize__aeabi_                  - Undefined Weak Reference
    __cxa_finalize                            - Undefined Weak Reference
    __decompress                              - Undefined Weak Reference
    _clock_init                               - Undefined Weak Reference
    _microlib_exit                            - Undefined Weak Reference
    fs_data$$Base                             - Undefined Reference
    fs_data$$Limit                            - Undefined Reference
    __Vectors_Size                           0x00000200   Number         0  arm_startup_nrf52.o ABSOLUTE
    __Vectors                                0x0001f000   Data           4  arm_startup_nrf52.o(RESET)
    __Vectors_End                            0x0001f200   Data           0  arm_startup_nrf52.o(RESET)
    __main                                   0x0001f201   Thumb Code     0  entry.o(.ARM.Collect$$$$00000000)
    _main_stk                                0x0001f201   Thumb Code     0  entry2.o(.ARM.Collect$$$$00000001)
    _main_scatterload                        0x0001f205   Thumb Code     0  entry5.o(.ARM.Collect$$$$00000004)
    __main_after_scatterload                 0x0001f209   Thumb Code     0  entry5.o(.ARM.Collect$$$$00000004)
    _main_clock                              0x0001f209   Thumb Code     0  entry7b.o(.ARM.Collect$$$$00000008)
    _main_cpp_init                           0x0001f209   Thumb Code     0  entry8b.o(.ARM.Collect$$$$0000000A)
    _main_init                               0x0001f209   Thumb Code     0  entry9a.o(.ARM.Collect$$$$0000000B)
    __rt_final_cpp                           0x0001f211   Thumb Code     0  entry10a.o(.ARM.Collect$$$$0000000D)
    __rt_final_exit                          0x0001f211   Thumb Code     0  entry11a.o(.ARM.Collect$$$$0000000F)
    Reset_Handler                            0x0001f215   Thumb Code     8  arm_startup_nrf52.o(.text)
    NMI_Handler                              0x0001f21d   Thumb Code     2  arm_startup_nrf52.o(.text)
    HardFault_Handler                        0x0001f21f   Thumb Code     2  arm_startup_nrf52.o(.text)
    MemoryManagement_Handler                 0x0001f221   Thumb Code     2  arm_startup_nrf52.o(.text)
    BusFault_Handler                         0x0001f223   Thumb Code     2  arm_startup_nrf52.o(.text)
    UsageFault_Handler                       0x0001f225   Thumb Code     2  arm_startup_nrf52.o(.text)
    SVC_Handler                              0x0001f227   Thumb Code     2  arm_startup_nrf52.o(.text)
    DebugMon_Handler                         0x0001f229   Thumb Code     2  arm_startup_nrf52.o(.text)
    PendSV_Handler                           0x0001f22b   Thumb Code     2  arm_startup_nrf52.o(.text)
    SysTick_Handler                          0x0001f22d   Thumb Code     2  arm_startup_nrf52.o(.text)
    CCM_AAR_IRQHandler                       0x0001f22f   Thumb Code     0  arm_startup_nrf52.o(.text)
    COMP_LPCOMP_IRQHandler                   0x0001f22f   Thumb Code     0  arm_startup_nrf52.o(.text)
    ECB_IRQHandler                           0x0001f22f   Thumb Code     0  arm_startup_nrf52.o(.text)
    FPU_IRQHandler                           0x0001f22f   Thumb Code     0  arm_startup_nrf52.o(.text)
    I2S_IRQHandler                           0x0001f22f   Thumb Code     0  arm_startup_nrf52.o(.text)
    MWU_IRQHandler                           0x0001f22f   Thumb Code     0  arm_startup_nrf52.o(.text)
    NFCT_IRQHandler                          0x0001f22f   Thumb Code     0  arm_startup_nrf52.o(.text)
    PDM_IRQHandler                           0x0001f22f   Thumb Code     0  arm_startup_nrf52.o(.text)
    PWM0_IRQHandler                          0x0001f22f   Thumb Code     0  arm_startup_nrf52.o(.text)
    PWM1_IRQHandler                          0x0001f22f   Thumb Code     0  arm_startup_nrf52.o(.text)
    PWM2_IRQHandler                          0x0001f22f   Thumb Code     0  arm_startup_nrf52.o(.text)
    QDEC_IRQHandler                          0x0001f22f   Thumb Code     0  arm_startup_nrf52.o(.text)
    RADIO_IRQHandler                         0x0001f22f   Thumb Code     0  arm_startup_nrf52.o(.text)
    RNG_IRQHandler                           0x0001f22f   Thumb Code     0  arm_startup_nrf52.o(.text)
    RTC0_IRQHandler                          0x0001f22f   Thumb Code     0  arm_startup_nrf52.o(.text)
    RTC2_IRQHandler                          0x0001f22f   Thumb Code     0  arm_startup_nrf52.o(.text)
    SAADC_IRQHandler                         0x0001f22f   Thumb Code     0  arm_startup_nrf52.o(.text)
    SPIM1_SPIS1_TWIM1_TWIS1_SPI1_TWI1_IRQHandler 0x0001f22f   Thumb Code     0  arm_startup_nrf52.o(.text)
    SPIM2_SPIS2_SPI2_IRQHandler              0x0001f22f   Thumb Code     0  arm_startup_nrf52.o(.text)
    SWI1_EGU1_IRQHandler                     0x0001f22f   Thumb Code     0  arm_startup_nrf52.o(.text)
    SWI3_EGU3_IRQHandler                     0x0001f22f   Thumb Code     0  arm_startup_nrf52.o(.text)
    SWI4_EGU4_IRQHandler                     0x0001f22f   Thumb Code     0  arm_startup_nrf52.o(.text)
    SWI5_EGU5_IRQHandler                     0x0001f22f   Thumb Code     0  arm_startup_nrf52.o(.text)
    TEMP_IRQHandler                          0x0001f22f   Thumb Code     0  arm_startup_nrf52.o(.text)
    TIMER0_IRQHandler                        0x0001f22f   Thumb Code     0  arm_startup_nrf52.o(.text)
    TIMER1_IRQHandler                        0x0001f22f   Thumb Code     0  arm_startup_nrf52.o(.text)
    TIMER2_IRQHandler                        0x0001f22f   Thumb Code     0  arm_startup_nrf52.o(.text)
    TIMER3_IRQHandler                        0x0001f22f   Thumb Code     0  arm_startup_nrf52.o(.text)
    TIMER4_IRQHandler                        0x0001f22f   Thumb Code     0  arm_startup_nrf52.o(.text)
    WDT_IRQHandler                           0x0001f22f   Thumb Code     0  arm_startup_nrf52.o(.text)
    __aeabi_uldivmod                         0x0001f239   Thumb Code    98  uldiv.o(.text)
    __rt_ctype_table                         0x0001f29d   Thumb Code     4  ctype_o.o(.text)
    __aeabi_memcpy                           0x0001f2a5   Thumb Code    36  memcpya.o(.text)
    __aeabi_memcpy4                          0x0001f2a5   Thumb Code     0  memcpya.o(.text)
    __aeabi_memcpy8                          0x0001f2a5   Thumb Code     0  memcpya.o(.text)
    __aeabi_memset                           0x0001f2c9   Thumb Code    14  memseta.o(.text)
    __aeabi_memset4                          0x0001f2c9   Thumb Code     0  memseta.o(.text)
    __aeabi_memset8                          0x0001f2c9   Thumb Code     0  memseta.o(.text)
    __aeabi_memclr                           0x0001f2d7   Thumb Code     4  memseta.o(.text)
    __aeabi_memclr4                          0x0001f2d7   Thumb Code     0  memseta.o(.text)
    __aeabi_memclr8                          0x0001f2d7   Thumb Code     0  memseta.o(.text)
    _memset$wrapper                          0x0001f2db   Thumb Code    18  memseta.o(.text)
    strlen                                   0x0001f2ed   Thumb Code    14  strlen.o(.text)
    strcpy                                   0x0001f2fb   Thumb Code    18  strcpy.o(.text)
    __aeabi_llsl                             0x0001f30d   Thumb Code    30  llshl.o(.text)
    _ll_shift_l                              0x0001f30d   Thumb Code     0  llshl.o(.text)
    __aeabi_llsr                             0x0001f32b   Thumb Code    32  llushr.o(.text)
    _ll_ushift_r                             0x0001f32b   Thumb Code     0  llushr.o(.text)
    __scatterload                            0x0001f34d   Thumb Code    28  init.o(.text)
    __scatterload_rt2                        0x0001f34d   Thumb Code     0  init.o(.text)
    GPIOTE_IRQHandler                        0x0001f371   Thumb Code   362  nrf_drv_gpiote.o(i.GPIOTE_IRQHandler)
    GetData_RDATAC                           0x0001f4e5   Thumb Code   128  main.o(i.GetData_RDATAC)
    POWER_CLOCK_IRQHandler                   0x0001f619   Thumb Code    84  nrf_drv_clock.o(i.POWER_CLOCK_IRQHandler)
    PowerUp_ADS                              0x0001f671   Thumb Code    50  main.o(i.PowerUp_ADS)
    RREG_ADS                                 0x0001f6ad   Thumb Code   148  main.o(i.RREG_ADS)
    RTC1_IRQHandler                          0x0001f7a1   Thumb Code    32  app_timer.o(i.RTC1_IRQHandler)
    Recognize_ADS                            0x0001f7c5   Thumb Code    54  main.o(i.Recognize_ADS)
    Reset_ADS                                0x0001f801   Thumb Code    44  main.o(i.Reset_ADS)
    SEGGER_RTT_Init                          0x0001f831   Thumb Code    14  segger_rtt.o(i.SEGGER_RTT_Init)
    SEGGER_RTT_WriteNoLock                   0x0001f845   Thumb Code    86  segger_rtt.o(i.SEGGER_RTT_WriteNoLock)
    SPIM0_SPIS0_TWIM0_TWIS0_SPI0_TWI0_IRQHandler 0x0001f8a1   Thumb Code    66  nrf_drv_spi.o(i.SPIM0_SPIS0_TWIM0_TWIS0_SPI0_TWI0_IRQHandler)
    SWI0_EGU0_IRQHandler                     0x0001f8ed   Thumb Code     4  app_timer.o(i.SWI0_EGU0_IRQHandler)
    SWI2_EGU2_IRQHandler                     0x0001f8f1   Thumb Code    32  softdevice_handler.o(i.SWI2_EGU2_IRQHandler)
    SendADSCommand                           0x0001f915   Thumb Code    92  main.o(i.SendADSCommand)
    SystemInit                               0x0001f999   Thumb Code   726  system_nrf52.o(i.SystemInit)
    UARTE0_UART0_IRQHandler                  0x0001fcb5   Thumb Code    20  nrf_drv_uart.o(i.UARTE0_UART0_IRQHandler)
    WREG_ADS                                 0x0001fcd1   Thumb Code    96  main.o(i.WREG_ADS)
    __0printf$8                              0x0001fe65   Thumb Code    22  printf8.o(i.__0printf$8)
    __1printf$8                              0x0001fe65   Thumb Code     0  printf8.o(i.__0printf$8)
    __2printf                                0x0001fe65   Thumb Code     0  printf8.o(i.__0printf$8)
    __0snprintf$8                            0x0001fe85   Thumb Code    36  printf8.o(i.__0snprintf$8)
    __1snprintf$8                            0x0001fe85   Thumb Code     0  printf8.o(i.__0snprintf$8)
    __2snprintf                              0x0001fe85   Thumb Code     0  printf8.o(i.__0snprintf$8)
    __scatterload_copy                       0x0001fead   Thumb Code    14  handlers.o(i.__scatterload_copy)
    __scatterload_null                       0x0001febb   Thumb Code     2  handlers.o(i.__scatterload_null)
    __scatterload_zeroinit                   0x0001febd   Thumb Code    14  handlers.o(i.__scatterload_zeroinit)
    adv_data_encode                          0x00020369   Thumb Code   386  ble_advdata.o(i.adv_data_encode)
    app_button_enable                        0x000205fd   Thumb Code    32  app_button.o(i.app_button_enable)
    app_button_init                          0x00020621   Thumb Code    96  app_button.o(i.app_button_init)
    app_error_fault_handler                  0x00020691   Thumb Code    42  app_error_weak.o(i.app_error_fault_handler)
    app_error_handler_bare                   0x000206f1   Thumb Code    22  app_error.o(i.app_error_handler_bare)
    app_fifo_get                             0x00020707   Thumb Code    22  app_fifo.o(i.app_fifo_get)
    app_fifo_init                            0x0002071d   Thumb Code    32  app_fifo.o(i.app_fifo_init)
    app_fifo_put                             0x0002073d   Thumb Code    26  app_fifo.o(i.app_fifo_put)
    app_timer_create                         0x00020759   Thumb Code    32  app_timer.o(i.app_timer_create)
    app_timer_init                           0x0002077d   Thumb Code    70  app_timer.o(i.app_timer_init)
    app_timer_start                          0x000207d1   Thumb Code   128  app_timer.o(i.app_timer_start)
    app_timer_stop                           0x00020859   Thumb Code    26  app_timer.o(i.app_timer_stop)
    app_uart_get                             0x00020879   Thumb Code    42  app_uart_fifo.o(i.app_uart_get)
    app_uart_init                            0x000208ad   Thumb Code   164  app_uart_fifo.o(i.app_uart_init)
    app_uart_put                             0x00020961   Thumb Code    52  app_uart_fifo.o(i.app_uart_put)
    app_util_critical_region_enter           0x0002099d   Thumb Code    64  app_util_platform.o(i.app_util_critical_region_enter)
    app_util_critical_region_exit            0x000209e5   Thumb Code    46  app_util_platform.o(i.app_util_critical_region_exit)
    ble_advdata_set                          0x00020ad1   Thumb Code   104  ble_advdata.o(i.ble_advdata_set)
    ble_advertising_conn_cfg_tag_set         0x00020b39   Thumb Code     6  ble_advertising.o(i.ble_advertising_conn_cfg_tag_set)
    ble_advertising_init                     0x00020b45   Thumb Code   280  ble_advertising.o(i.ble_advertising_init)
    ble_advertising_on_ble_evt               0x00020c65   Thumb Code    88  ble_advertising.o(i.ble_advertising_on_ble_evt)
    ble_advertising_restart_without_whitelist 0x00020cc1   Thumb Code    50  ble_advertising.o(i.ble_advertising_restart_without_whitelist)
    ble_advertising_start                    0x00020cfd   Thumb Code   252  ble_advertising.o(i.ble_advertising_start)
    ble_conn_params_init                     0x00020e01   Thumb Code    72  ble_conn_params.o(i.ble_conn_params_init)
    ble_conn_params_on_ble_evt               0x00020e59   Thumb Code   120  ble_conn_params.o(i.ble_conn_params_on_ble_evt)
    ble_nus_init                             0x00020f71   Thumb Code    94  ble_nus.o(i.ble_nus_init)
    ble_nus_on_ble_evt                       0x00020fd5   Thumb Code    92  ble_nus.o(i.ble_nus_on_ble_evt)
    ble_nus_string_send                      0x00021031   Thumb Code    78  ble_nus.o(i.ble_nus_string_send)
    ble_srv_is_notification_enabled          0x0002107f   Thumb Code     8  ble_srv_common.o(i.ble_srv_is_notification_enabled)
    bsp_board_button_idx_to_pin              0x00021145   Thumb Code     6  boards.o(i.bsp_board_button_idx_to_pin)
    bsp_board_button_state_get               0x00021151   Thumb Code    28  boards.o(i.bsp_board_button_state_get)
    bsp_board_led_invert                     0x00021171   Thumb Code    32  boards.o(i.bsp_board_led_invert)
    bsp_board_led_off                        0x00021195   Thumb Code    10  boards.o(i.bsp_board_led_off)
    bsp_board_led_on                         0x000211a5   Thumb Code    10  boards.o(i.bsp_board_led_on)
    bsp_board_led_state_get                  0x000211b5   Thumb Code    28  boards.o(i.bsp_board_led_state_get)
    bsp_board_leds_init                      0x000211d5   Thumb Code    38  boards.o(i.bsp_board_leds_init)
    bsp_board_leds_off                       0x00021201   Thumb Code    18  boards.o(i.bsp_board_leds_off)
    bsp_board_leds_on                        0x00021213   Thumb Code    18  boards.o(i.bsp_board_leds_on)
    bsp_board_pin_to_button_idx              0x00021225   Thumb Code    30  boards.o(i.bsp_board_pin_to_button_idx)
    bsp_btn_ble_init                         0x00021249   Thumb Code    52  bsp_btn_ble.o(i.bsp_btn_ble_init)
    bsp_btn_ble_on_ble_evt                   0x00021281   Thumb Code   106  bsp_btn_ble.o(i.bsp_btn_ble_on_ble_evt)
    bsp_btn_ble_sleep_mode_prepare           0x000212f1   Thumb Code    30  bsp_btn_ble.o(i.bsp_btn_ble_sleep_mode_prepare)
    bsp_button_is_pressed                    0x000213a1   Thumb Code     4  bsp.o(i.bsp_button_is_pressed)
    bsp_event_handler                        0x000213a5   Thumb Code    64  main.o(i.bsp_event_handler)
    bsp_event_to_button_action_assign        0x000213e9   Thumb Code    64  bsp.o(i.bsp_event_to_button_action_assign)
    bsp_indication_set                       0x0002142d   Thumb Code    20  bsp.o(i.bsp_indication_set)
    bsp_init                                 0x00021445   Thumb Code   126  bsp.o(i.bsp_init)
    bsp_wakeup_button_enable                 0x00021691   Thumb Code    16  bsp.o(i.bsp_wakeup_button_enable)
    fputc                                    0x000219b3   Thumb Code    14  retarget.o(i.fputc)
    fs_queued_op_count_get                   0x000219c1   Thumb Code    16  fstorage.o(i.fs_queued_op_count_get)
    gatt_evt_handler                         0x000219d5   Thumb Code    40  main.o(i.gatt_evt_handler)
    gatt_init                                0x00021a29   Thumb Code    38  main.o(i.gatt_init)
    intern_softdevice_events_execute         0x00021ab1   Thumb Code   114  softdevice_handler.o(i.intern_softdevice_events_execute)
    main                                     0x00021d11   Thumb Code   426  main.o(i.main)
    mySPI_int                                0x00021f79   Thumb Code   158  main.o(i.mySPI_int)
    nrf_ble_gatt_att_mtu_periph_set          0x000220ed   Thumb Code    24  nrf_ble_gatt.o(i.nrf_ble_gatt_att_mtu_periph_set)
    nrf_ble_gatt_init                        0x00022105   Thumb Code    44  nrf_ble_gatt.o(i.nrf_ble_gatt_init)
    nrf_ble_gatt_on_ble_evt                  0x00022131   Thumb Code   308  nrf_ble_gatt.o(i.nrf_ble_gatt_on_ble_evt)
    nrf_drv_clock_init                       0x000223a9   Thumb Code    64  nrf_drv_clock.o(i.nrf_drv_clock_init)
    nrf_drv_clock_on_sd_enable               0x000223f1   Thumb Code    44  nrf_drv_clock.o(i.nrf_drv_clock_on_sd_enable)
    nrf_drv_clock_on_soc_event               0x00022421   Thumb Code    10  nrf_drv_clock.o(i.nrf_drv_clock_on_soc_event)
    nrf_drv_common_irq_enable                0x0002242b   Thumb Code    56  nrf_drv_common.o(i.nrf_drv_common_irq_enable)
    nrf_drv_gpiote_in_event_enable           0x00022469   Thumb Code   156  nrf_drv_gpiote.o(i.nrf_drv_gpiote_in_event_enable)
    nrf_drv_gpiote_in_init                   0x0002250d   Thumb Code   172  nrf_drv_gpiote.o(i.nrf_drv_gpiote_in_init)
    nrf_drv_gpiote_in_is_set                 0x000225c5   Thumb Code    20  nrf_drv_gpiote.o(i.nrf_drv_gpiote_in_is_set)
    nrf_drv_gpiote_init                      0x000225d9   Thumb Code    84  nrf_drv_gpiote.o(i.nrf_drv_gpiote_init)
    nrf_drv_gpiote_is_init                   0x00022635   Thumb Code    14  nrf_drv_gpiote.o(i.nrf_drv_gpiote_is_init)
    nrf_drv_spi_init                         0x00022669   Thumb Code   292  nrf_drv_spi.o(i.nrf_drv_spi_init)
    nrf_drv_spi_transfer                     0x00022791   Thumb Code    28  nrf_drv_spi.o(i.nrf_drv_spi_transfer)
    nrf_drv_spi_xfer                         0x000227ad   Thumb Code    90  nrf_drv_spi.o(i.nrf_drv_spi_xfer)
    nrf_drv_uart_init                        0x0002280d   Thumb Code    98  nrf_drv_uart.o(i.nrf_drv_uart_init)
    nrf_drv_uart_rx                          0x00022875   Thumb Code   170  nrf_drv_uart.o(i.nrf_drv_uart_rx)
    nrf_drv_uart_rx_enable                   0x00022925   Thumb Code    42  nrf_drv_uart.o(i.nrf_drv_uart_rx_enable)
    nrf_drv_uart_tx                          0x00022aad   Thumb Code   262  nrf_drv_uart.o(i.nrf_drv_uart_tx)
    nrf_drv_uart_tx_in_progress              0x00022bb9   Thumb Code    18  nrf_drv_uart.o(i.nrf_drv_uart_tx_in_progress)
    nrf_log_backend_hexdump_handler_get      0x00022da5   Thumb Code     4  nrf_log_backend_serial.o(i.nrf_log_backend_hexdump_handler_get)
    nrf_log_backend_init                     0x00022dad   Thumb Code    30  nrf_log_backend_serial.o(i.nrf_log_backend_init)
    nrf_log_backend_std_handler_get          0x00022ff5   Thumb Code     4  nrf_log_backend_serial.o(i.nrf_log_backend_std_handler_get)
    nrf_log_frontend_hexdump                 0x00023015   Thumb Code    48  nrf_log_frontend.o(i.nrf_log_frontend_hexdump)
    nrf_log_frontend_std_0                   0x00023049   Thumb Code     8  nrf_log_frontend.o(i.nrf_log_frontend_std_0)
    nrf_log_frontend_std_1                   0x00023051   Thumb Code    14  nrf_log_frontend.o(i.nrf_log_frontend_std_1)
    nrf_log_frontend_std_2                   0x0002305f   Thumb Code    16  nrf_log_frontend.o(i.nrf_log_frontend_std_2)
    nrf_log_handlers_set                     0x00023071   Thumb Code     8  nrf_log_frontend.o(i.nrf_log_handlers_set)
    nrf_log_init                             0x0002307d   Thumb Code    34  nrf_log_frontend.o(i.nrf_log_init)
    softdevice_app_ram_start_get             0x00023711   Thumb Code    14  softdevice_handler.o(i.softdevice_app_ram_start_get)
    softdevice_ble_evt_handler_set           0x00023725   Thumb Code    14  softdevice_handler.o(i.softdevice_ble_evt_handler_set)
    softdevice_enable                        0x00023739   Thumb Code    70  softdevice_handler.o(i.softdevice_enable)
    softdevice_fault_handler                 0x00023829   Thumb Code     4  softdevice_handler.o(i.softdevice_fault_handler)
    softdevice_handler_init                  0x0002382d   Thumb Code    92  softdevice_handler.o(i.softdevice_handler_init)
    softdevice_handler_is_enabled            0x00023891   Thumb Code     6  softdevice_handler.o(i.softdevice_handler_is_enabled)
    spi_event_handler                        0x0002389d   Thumb Code    56  main.o(i.spi_event_handler)
    uart_event_handle                        0x00023cf9   Thumb Code    92  main.o(i.uart_event_handle)
    __ctype_table                            0x00024234   Data         129  ctype_o.o(.constdata)
    Region$$Table$$Base                      0x00024444   Number         0  anon$$obj.o(Region$$Table)
    Region$$Table$$Limit                     0x00024464   Number         0  anon$$obj.o(Region$$Table)
    Image$$RW_IRAM1$$Base                    0x200025f8   Number         0  anon$$obj.o ABSOLUTE
    spiDataTx                                0x200025fa   Data           1  main.o(.data)
    ADS_ID                                   0x200025fb   Data           1  main.o(.data)
    reg_count                                0x20002600   Data           2  main.o(.data)
    dataToSend                               0x20002602   Data           3  main.o(.data)
    __stdout                                 0x20002694   Data           4  retarget.o(.data)
    SystemCoreClock                          0x200026b0   Data           4  system_nrf52.o(.data)
    nrf_nvic_state                           0x20002dc8   Data          12  app_util_platform.o(.bss)
    _SEGGER_RTT                              0x20003068   Data         120  segger_rtt.o(.bss)
    __initial_sp                             0x200050e0   Data           0  arm_startup_nrf52.o(STACK)



==============================================================================

Memory Map of the image

  Image Entry point : 0x0001f201

  Load Region LR_IROM1 (Base: 0x0001f000, Size: 0x00005520, Max: 0x00061000, ABSOLUTE)

    Execution Region ER_IROM1 (Base: 0x0001f000, Size: 0x00005464, Max: 0x00061000, ABSOLUTE)

    Base Addr    Size         Type   Attr      Idx    E Section Name        Object

    0x0001f000   0x00000200   Data   RO         3314    RESET               arm_startup_nrf52.o
    0x0001f200   0x00000000   Code   RO         3355  * .ARM.Collect$$$$00000000  mc_w.l(entry.o)
    0x0001f200   0x00000004   Code   RO         3659    .ARM.Collect$$$$00000001  mc_w.l(entry2.o)
    0x0001f204   0x00000004   Code   RO         3662    .ARM.Collect$$$$00000004  mc_w.l(entry5.o)
    0x0001f208   0x00000000   Code   RO         3664    .ARM.Collect$$$$00000008  mc_w.l(entry7b.o)
    0x0001f208   0x00000000   Code   RO         3666    .ARM.Collect$$$$0000000A  mc_w.l(entry8b.o)
    0x0001f208   0x00000008   Code   RO         3667    .ARM.Collect$$$$0000000B  mc_w.l(entry9a.o)
    0x0001f210   0x00000000   Code   RO         3669    .ARM.Collect$$$$0000000D  mc_w.l(entry10a.o)
    0x0001f210   0x00000000   Code   RO         3671    .ARM.Collect$$$$0000000F  mc_w.l(entry11a.o)
    0x0001f210   0x00000004   Code   RO         3660    .ARM.Collect$$$$00002712  mc_w.l(entry2.o)
    0x0001f214   0x00000024   Code   RO         3315    .text               arm_startup_nrf52.o
    0x0001f238   0x00000062   Code   RO         3358    .text               mc_w.l(uldiv.o)
    0x0001f29a   0x00000002   PAD
    0x0001f29c   0x00000008   Code   RO         3360    .text               mc_w.l(ctype_o.o)
    0x0001f2a4   0x00000024   Code   RO         3388    .text               mc_w.l(memcpya.o)
    0x0001f2c8   0x00000024   Code   RO         3390    .text               mc_w.l(memseta.o)
    0x0001f2ec   0x0000000e   Code   RO         3392    .text               mc_w.l(strlen.o)
    0x0001f2fa   0x00000012   Code   RO         3394    .text               mc_w.l(strcpy.o)
    0x0001f30c   0x0000001e   Code   RO         3675    .text               mc_w.l(llshl.o)
    0x0001f32a   0x00000020   Code   RO         3677    .text               mc_w.l(llushr.o)
    0x0001f34a   0x00000002   PAD
    0x0001f34c   0x00000024   Code   RO         3690    .text               mc_w.l(init.o)
    0x0001f370   0x00000174   Code   RO         1432    i.GPIOTE_IRQHandler  nrf_drv_gpiote.o
    0x0001f4e4   0x000000a4   Code   RO            5    i.GetData_RDATAC    main.o
    0x0001f588   0x00000016   Code   RO         2280    i.NVIC_ClearPendingIRQ  app_timer.o
    0x0001f59e   0x00000016   Code   RO         3173    i.NVIC_DisableIRQ   softdevice_handler.o
    0x0001f5b4   0x00000016   Code   RO         2281    i.NVIC_EnableIRQ    app_timer.o
    0x0001f5ca   0x00000016   Code   RO         3174    i.NVIC_EnableIRQ    softdevice_handler.o
    0x0001f5e0   0x00000016   Code   RO         2282    i.NVIC_SetPendingIRQ  app_timer.o
    0x0001f5f6   0x00000020   Code   RO         2283    i.NVIC_SetPriority  app_timer.o
    0x0001f616   0x00000002   PAD
    0x0001f618   0x00000058   Code   RO         1212    i.POWER_CLOCK_IRQHandler  nrf_drv_clock.o
    0x0001f670   0x0000003c   Code   RO            6    i.PowerUp_ADS       main.o
    0x0001f6ac   0x000000f4   Code   RO            7    i.RREG_ADS          main.o
    0x0001f7a0   0x00000024   Code   RO         2284    i.RTC1_IRQHandler   app_timer.o
    0x0001f7c4   0x0000003c   Code   RO            8    i.Recognize_ADS     main.o
    0x0001f800   0x00000030   Code   RO            9    i.Reset_ADS         main.o
    0x0001f830   0x00000014   Code   RO         3024    i.SEGGER_RTT_Init   segger_rtt.o
    0x0001f844   0x0000005c   Code   RO         3033    i.SEGGER_RTT_WriteNoLock  segger_rtt.o
    0x0001f8a0   0x0000004c   Code   RO         1913    i.SPIM0_SPIS0_TWIM0_TWIS0_SPI0_TWI0_IRQHandler  nrf_drv_spi.o
    0x0001f8ec   0x00000004   Code   RO         2285    i.SWI0_EGU0_IRQHandler  app_timer.o
    0x0001f8f0   0x00000024   Code   RO         3175    i.SWI2_EGU2_IRQHandler  softdevice_handler.o
    0x0001f914   0x00000084   Code   RO           10    i.SendADSCommand    main.o
    0x0001f998   0x0000031c   Code   RO         3323    i.SystemInit        system_nrf52.o
    0x0001fcb4   0x0000001c   Code   RO         1675    i.UARTE0_UART0_IRQHandler  nrf_drv_uart.o
    0x0001fcd0   0x0000007c   Code   RO           14    i.WREG_ADS          main.o
    0x0001fd4c   0x00000068   Code   RO         3036    i._DoInit           segger_rtt.o
    0x0001fdb4   0x00000016   Code   RO         3037    i._GetAvailWriteSpace  segger_rtt.o
    0x0001fdca   0x0000005a   Code   RO         3039    i._WriteBlocking    segger_rtt.o
    0x0001fe24   0x0000003e   Code   RO         3040    i._WriteNoCheck     segger_rtt.o
    0x0001fe62   0x00000002   PAD
    0x0001fe64   0x00000020   Code   RO         3605    i.__0printf$8       mc_w.l(printf8.o)
    0x0001fe84   0x00000028   Code   RO         3606    i.__0snprintf$8     mc_w.l(printf8.o)
    0x0001feac   0x0000000e   Code   RO         3698    i.__scatterload_copy  mc_w.l(handlers.o)
    0x0001feba   0x00000002   Code   RO         3699    i.__scatterload_null  mc_w.l(handlers.o)
    0x0001febc   0x0000000e   Code   RO         3700    i.__scatterload_zeroinit  mc_w.l(handlers.o)
    0x0001feca   0x00000002   PAD
    0x0001fecc   0x00000024   Code   RO         3176    i.__sd_nvic_app_accessible_irq  softdevice_handler.o
    0x0001fef0   0x00000410   Code   RO         3612    i._printf_core      mc_w.l(printf8.o)
    0x00020300   0x00000024   Code   RO         3613    i._printf_post_padding  mc_w.l(printf8.o)
    0x00020324   0x0000002e   Code   RO         3614    i._printf_pre_padding  mc_w.l(printf8.o)
    0x00020352   0x00000016   Code   RO         3615    i._snputc           mc_w.l(printf8.o)
    0x00020368   0x00000182   Code   RO          769    i.adv_data_encode   ble_advdata.o
    0x000204ea   0x00000002   PAD
    0x000204ec   0x00000058   Code   RO          846    i.adv_mode_next_avail_get  ble_advertising.o
    0x00020544   0x00000036   Code   RO          681    i.advertising_buttons_configure  bsp_btn_ble.o
    0x0002057a   0x00000002   PAD
    0x0002057c   0x00000078   Code   RO           15    i.advertising_init  main.o
    0x000205f4   0x00000006   Code   RO          561    i.alert_timer_handler  bsp.o
    0x000205fa   0x00000002   PAD
    0x000205fc   0x00000024   Code   RO         2024    i.app_button_enable  app_button.o
    0x00020620   0x00000070   Code   RO         2025    i.app_button_init   app_button.o
    0x00020690   0x00000060   Code   RO         2128    i.app_error_fault_handler  app_error_weak.o
    0x000206f0   0x00000016   Code   RO         2086    i.app_error_handler_bare  app_error.o
    0x00020706   0x00000016   Code   RO         2157    i.app_fifo_get      app_fifo.o
    0x0002071c   0x00000020   Code   RO         2158    i.app_fifo_init     app_fifo.o
    0x0002073c   0x0000001a   Code   RO         2160    i.app_fifo_put      app_fifo.o
    0x00020756   0x00000002   PAD
    0x00020758   0x00000024   Code   RO         2288    i.app_timer_create  app_timer.o
    0x0002077c   0x00000054   Code   RO         2289    i.app_timer_init    app_timer.o
    0x000207d0   0x00000088   Code   RO         2292    i.app_timer_start   app_timer.o
    0x00020858   0x00000020   Code   RO         2293    i.app_timer_stop    app_timer.o
    0x00020878   0x00000034   Code   RO         2451    i.app_uart_get      app_uart_fifo.o
    0x000208ac   0x000000b4   Code   RO         2452    i.app_uart_init     app_uart_fifo.o
    0x00020960   0x0000003c   Code   RO         2453    i.app_uart_put      app_uart_fifo.o
    0x0002099c   0x00000048   Code   RO         2515    i.app_util_critical_region_enter  app_util_platform.o
    0x000209e4   0x00000034   Code   RO         2516    i.app_util_critical_region_exit  app_util_platform.o
    0x00020a18   0x000000b8   Code   RO         1676    i.apply_config      nrf_drv_uart.o
    0x00020ad0   0x00000068   Code   RO          770    i.ble_advdata_set   ble_advdata.o
    0x00020b38   0x0000000c   Code   RO          847    i.ble_advertising_conn_cfg_tag_set  ble_advertising.o
    0x00020b44   0x00000120   Code   RO          848    i.ble_advertising_init  ble_advertising.o
    0x00020c64   0x0000005c   Code   RO          849    i.ble_advertising_on_ble_evt  ble_advertising.o
    0x00020cc0   0x0000003c   Code   RO          852    i.ble_advertising_restart_without_whitelist  ble_advertising.o
    0x00020cfc   0x00000104   Code   RO          853    i.ble_advertising_start  ble_advertising.o
    0x00020e00   0x00000058   Code   RO          943    i.ble_conn_params_init  ble_conn_params.o
    0x00020e58   0x00000084   Code   RO          944    i.ble_conn_params_on_ble_evt  ble_conn_params.o
    0x00020edc   0x00000060   Code   RO          771    i.ble_device_addr_encode  ble_advdata.o
    0x00020f3c   0x00000034   Code   RO           17    i.ble_evt_dispatch  main.o
    0x00020f70   0x00000064   Code   RO         1162    i.ble_nus_init      ble_nus.o
    0x00020fd4   0x0000005c   Code   RO         1163    i.ble_nus_on_ble_evt  ble_nus.o
    0x00021030   0x0000004e   Code   RO         1164    i.ble_nus_string_send  ble_nus.o
    0x0002107e   0x00000008   Code   RO         1013    i.ble_srv_is_notification_enabled  ble_srv_common.o
    0x00021086   0x00000002   PAD
    0x00021088   0x000000bc   Code   RO           18    i.ble_stack_init    main.o
    0x00021144   0x0000000c   Code   RO          445    i.bsp_board_button_idx_to_pin  boards.o
    0x00021150   0x00000020   Code   RO          446    i.bsp_board_button_state_get  boards.o
    0x00021170   0x00000024   Code   RO          449    i.bsp_board_led_invert  boards.o
    0x00021194   0x00000010   Code   RO          450    i.bsp_board_led_off  boards.o
    0x000211a4   0x00000010   Code   RO          451    i.bsp_board_led_on  boards.o
    0x000211b4   0x00000020   Code   RO          452    i.bsp_board_led_state_get  boards.o
    0x000211d4   0x0000002c   Code   RO          453    i.bsp_board_leds_init  boards.o
    0x00021200   0x00000012   Code   RO          454    i.bsp_board_leds_off  boards.o
    0x00021212   0x00000012   Code   RO          455    i.bsp_board_leds_on  boards.o
    0x00021224   0x00000024   Code   RO          456    i.bsp_board_pin_to_button_idx  boards.o
    0x00021248   0x00000038   Code   RO          682    i.bsp_btn_ble_init  bsp_btn_ble.o
    0x00021280   0x00000070   Code   RO          683    i.bsp_btn_ble_on_ble_evt  bsp_btn_ble.o
    0x000212f0   0x0000001e   Code   RO          684    i.bsp_btn_ble_sleep_mode_prepare  bsp_btn_ble.o
    0x0002130e   0x00000002   PAD
    0x00021310   0x00000090   Code   RO          562    i.bsp_button_event_handler  bsp.o
    0x000213a0   0x00000004   Code   RO          563    i.bsp_button_is_pressed  bsp.o
    0x000213a4   0x00000044   Code   RO           19    i.bsp_event_handler  main.o
    0x000213e8   0x00000044   Code   RO          566    i.bsp_event_to_button_action_assign  bsp.o
    0x0002142c   0x00000018   Code   RO          567    i.bsp_indication_set  bsp.o
    0x00021444   0x00000094   Code   RO          568    i.bsp_init          bsp.o
    0x000214d8   0x000001b8   Code   RO          569    i.bsp_led_indication  bsp.o
    0x00021690   0x00000010   Code   RO          571    i.bsp_wakeup_button_enable  bsp.o
    0x000216a0   0x00000012   Code   RO         2807    i.buf_len_update    nrf_log_backend_serial.o
    0x000216b2   0x00000008   Code   RO          572    i.button_timer_handler  bsp.o
    0x000216ba   0x00000002   PAD
    0x000216bc   0x0000001c   Code   RO         1433    i.channel_free      nrf_drv_gpiote.o
    0x000216d8   0x00000048   Code   RO         1434    i.channel_port_alloc  nrf_drv_gpiote.o
    0x00021720   0x00000010   Code   RO         1435    i.channel_port_get  nrf_drv_gpiote.o
    0x00021730   0x00000028   Code   RO         1213    i.clock_clk_started_notify  nrf_drv_clock.o
    0x00021758   0x000000ac   Code   RO         2295    i.compare_reg_update  app_timer.o
    0x00021804   0x00000088   Code   RO          772    i.conn_int_encode   ble_advdata.o
    0x0002188c   0x00000004   Code   RO           20    i.conn_params_error_handler  main.o
    0x00021890   0x0000005c   Code   RO          946    i.conn_params_negotiation  ble_conn_params.o
    0x000218ec   0x00000060   Code   RO         2027    i.detection_delay_timeout_handler  app_button.o
    0x0002194c   0x00000040   Code   RO         2296    i.elapsed_ticks_acquire  app_timer.o
    0x0002198c   0x00000014   Code   RO         2163    i.fifo_get          app_fifo.o
    0x000219a0   0x00000012   Code   RO         2164    i.fifo_put          app_fifo.o
    0x000219b2   0x0000000e   Code   RO         2770    i.fputc             retarget.o
    0x000219c0   0x00000014   Code   RO         2589    i.fs_queued_op_count_get  fstorage.o
    0x000219d4   0x00000054   Code   RO           21    i.gatt_evt_handler  main.o
    0x00021a28   0x00000030   Code   RO           22    i.gatt_init         main.o
    0x00021a58   0x00000058   Code   RO         2028    i.gpiote_event_handler  app_button.o
    0x00021ab0   0x00000078   Code   RO         3177    i.intern_softdevice_events_execute  softdevice_handler.o
    0x00021b28   0x00000078   Code   RO         1677    i.interrupts_enable  nrf_drv_uart.o
    0x00021ba0   0x0000001c   Code   RO          947    i.is_conn_params_ok  ble_conn_params.o
    0x00021bbc   0x00000030   Code   RO          573    i.leds_off          bsp.o
    0x00021bec   0x00000014   Code   RO          574    i.leds_timer_handler  bsp.o
    0x00021c00   0x00000018   Code   RO         1070    i.link_init         nrf_ble_gatt.o
    0x00021c18   0x000000f8   Code   RO         2297    i.list_insertions_handler  app_timer.o
    0x00021d10   0x00000204   Code   RO           23    i.main              main.o
    0x00021f14   0x00000064   Code   RO          773    i.manuf_specific_data_encode  ble_advdata.o
    0x00021f78   0x000000c8   Code   RO           24    i.mySPI_int         main.o
    0x00022040   0x0000009c   Code   RO          774    i.name_encode       ble_advdata.o
    0x000220dc   0x00000010   Code   RO         1436    i.nrf_bitmask_bit_is_set  nrf_drv_gpiote.o
    0x000220ec   0x00000018   Code   RO         1072    i.nrf_ble_gatt_att_mtu_periph_set  nrf_ble_gatt.o
    0x00022104   0x0000002c   Code   RO         1076    i.nrf_ble_gatt_init  nrf_ble_gatt.o
    0x00022130   0x00000140   Code   RO         1077    i.nrf_ble_gatt_on_ble_evt  nrf_ble_gatt.o
    0x00022270   0x0000000e   Code   RO         1217    i.nrf_clock_event_check  nrf_drv_clock.o
    0x0002227e   0x00000010   Code   RO         1218    i.nrf_clock_event_clear  nrf_drv_clock.o
    0x0002228e   0x00000002   PAD
    0x00022290   0x0000008c   Code   RO           25    i.nrf_delay_us      main.o
    0x0002231c   0x0000008c   Code   RO         2298    i.nrf_delay_us      app_timer.o
    0x000223a8   0x00000048   Code   RO         1225    i.nrf_drv_clock_init  nrf_drv_clock.o
    0x000223f0   0x00000030   Code   RO         1232    i.nrf_drv_clock_on_sd_enable  nrf_drv_clock.o
    0x00022420   0x0000000a   Code   RO         1233    i.nrf_drv_clock_on_soc_event  nrf_drv_clock.o
    0x0002242a   0x00000038   Code   RO         1386    i.nrf_drv_common_irq_enable  nrf_drv_common.o
    0x00022462   0x00000006   Code   RO         1679    i.nrf_drv_get_IRQn  nrf_drv_uart.o
    0x00022468   0x000000a4   Code   RO         1441    i.nrf_drv_gpiote_in_event_enable  nrf_drv_gpiote.o
    0x0002250c   0x000000b8   Code   RO         1442    i.nrf_drv_gpiote_in_init  nrf_drv_gpiote.o
    0x000225c4   0x00000014   Code   RO         1443    i.nrf_drv_gpiote_in_is_set  nrf_drv_gpiote.o
    0x000225d8   0x0000005c   Code   RO         1445    i.nrf_drv_gpiote_init  nrf_drv_gpiote.o
    0x00022634   0x00000014   Code   RO         1446    i.nrf_drv_gpiote_is_init  nrf_drv_gpiote.o
    0x00022648   0x00000010   Code   RO         1680    i.nrf_drv_is_in_RAM  nrf_drv_uart.o
    0x00022658   0x00000010   Code   RO         1914    i.nrf_drv_is_in_RAM  nrf_drv_spi.o
    0x00022668   0x00000128   Code   RO         1917    i.nrf_drv_spi_init  nrf_drv_spi.o
    0x00022790   0x0000001c   Code   RO         1919    i.nrf_drv_spi_transfer  nrf_drv_spi.o
    0x000227ac   0x00000060   Code   RO         1921    i.nrf_drv_spi_xfer  nrf_drv_spi.o
    0x0002280c   0x00000068   Code   RO         1682    i.nrf_drv_uart_init  nrf_drv_uart.o
    0x00022874   0x000000b0   Code   RO         1683    i.nrf_drv_uart_rx   nrf_drv_uart.o
    0x00022924   0x00000030   Code   RO         1686    i.nrf_drv_uart_rx_enable  nrf_drv_uart.o
    0x00022954   0x000000a8   Code   RO         1687    i.nrf_drv_uart_rx_for_uart  nrf_drv_uart.o
    0x000229fc   0x000000b0   Code   RO         1688    i.nrf_drv_uart_rx_for_uarte  nrf_drv_uart.o
    0x00022aac   0x0000010c   Code   RO         1690    i.nrf_drv_uart_tx   nrf_drv_uart.o
    0x00022bb8   0x00000018   Code   RO         1692    i.nrf_drv_uart_tx_in_progress  nrf_drv_uart.o
    0x00022bd0   0x00000024   Code   RO           26    i.nrf_gpio_cfg      main.o
    0x00022bf4   0x00000024   Code   RO          458    i.nrf_gpio_cfg      boards.o
    0x00022c18   0x00000024   Code   RO         1460    i.nrf_gpio_cfg      nrf_drv_gpiote.o
    0x00022c3c   0x00000024   Code   RO         1694    i.nrf_gpio_cfg      nrf_drv_uart.o
    0x00022c60   0x00000024   Code   RO         1922    i.nrf_gpio_cfg      nrf_drv_spi.o
    0x00022c84   0x00000012   Code   RO         1696    i.nrf_gpio_cfg_input  nrf_drv_uart.o
    0x00022c96   0x00000014   Code   RO           27    i.nrf_gpio_cfg_output  main.o
    0x00022caa   0x00000014   Code   RO         1697    i.nrf_gpio_cfg_output  nrf_drv_uart.o
    0x00022cbe   0x00000014   Code   RO         1923    i.nrf_gpio_cfg_output  nrf_drv_spi.o
    0x00022cd2   0x00000022   Code   RO          575    i.nrf_gpio_cfg_sense_set  bsp.o
    0x00022cf4   0x00000022   Code   RO         1462    i.nrf_gpio_cfg_sense_set  nrf_drv_gpiote.o
    0x00022d16   0x0000000e   Code   RO           28    i.nrf_gpio_pin_clear  main.o
    0x00022d24   0x0000000e   Code   RO           29    i.nrf_gpio_pin_set  main.o
    0x00022d32   0x0000000e   Code   RO         1924    i.nrf_gpio_pin_set  nrf_drv_spi.o
    0x00022d40   0x00000016   Code   RO          459    i.nrf_gpio_pin_write  boards.o
    0x00022d56   0x00000002   PAD
    0x00022d58   0x00000028   Code   RO         1463    i.nrf_gpio_ports_read  nrf_drv_gpiote.o
    0x00022d80   0x00000014   Code   RO         1464    i.nrf_gpiote_event_clear  nrf_drv_gpiote.o
    0x00022d94   0x00000010   Code   RO         1465    i.nrf_gpiote_event_is_set  nrf_drv_gpiote.o
    0x00022da4   0x00000008   Code   RO         2809    i.nrf_log_backend_hexdump_handler_get  nrf_log_backend_serial.o
    0x00022dac   0x00000024   Code   RO         2810    i.nrf_log_backend_init  nrf_log_backend_serial.o
    0x00022dd0   0x0000011c   Code   RO         2811    i.nrf_log_backend_serial_hexdump_handler  nrf_log_backend_serial.o
    0x00022eec   0x00000108   Code   RO         2812    i.nrf_log_backend_serial_std_handler  nrf_log_backend_serial.o
    0x00022ff4   0x00000008   Code   RO         2813    i.nrf_log_backend_std_handler_get  nrf_log_backend_serial.o
    0x00022ffc   0x00000018   Code   RO         2899    i.nrf_log_direct_feed  nrf_log_frontend.o
    0x00023014   0x00000034   Code   RO         2901    i.nrf_log_frontend_hexdump  nrf_log_frontend.o
    0x00023048   0x00000008   Code   RO         2903    i.nrf_log_frontend_std_0  nrf_log_frontend.o
    0x00023050   0x0000000e   Code   RO         2904    i.nrf_log_frontend_std_1  nrf_log_frontend.o
    0x0002305e   0x00000010   Code   RO         2905    i.nrf_log_frontend_std_2  nrf_log_frontend.o
    0x0002306e   0x00000002   PAD
    0x00023070   0x0000000c   Code   RO         2911    i.nrf_log_handlers_set  nrf_log_frontend.o
    0x0002307c   0x00000022   Code   RO         2912    i.nrf_log_init      nrf_log_frontend.o
    0x0002309e   0x0000000a   Code   RO         1925    i.nrf_spim_event_check  nrf_drv_spi.o
    0x000230a8   0x0000000a   Code   RO         1698    i.nrf_uart_event_check  nrf_drv_uart.o
    0x000230b2   0x0000000c   Code   RO         1699    i.nrf_uart_event_clear  nrf_drv_uart.o
    0x000230be   0x0000000c   Code   RO         1700    i.nrf_uart_int_enable_check  nrf_drv_uart.o
    0x000230ca   0x0000000a   Code   RO         1701    i.nrf_uarte_event_check  nrf_drv_uart.o
    0x000230d4   0x0000000c   Code   RO         1702    i.nrf_uarte_event_clear  nrf_drv_uart.o
    0x000230e0   0x00000080   Code   RO           30    i.nus_data_handler  main.o
    0x00023160   0x00000024   Code   RO           31    i.on_adv_evt        main.o
    0x00023184   0x00000130   Code   RO           32    i.on_ble_evt        main.o
    0x000232b4   0x0000001c   Code   RO           33    i.on_conn_params_evt  main.o
    0x000232d0   0x00000084   Code   RO         1078    i.on_connected_evt  nrf_ble_gatt.o
    0x00023354   0x00000068   Code   RO         1079    i.on_exchange_mtu_request_evt  nrf_ble_gatt.o
    0x000233bc   0x00000018   Code   RO         1466    i.pin_in_use_by_port  nrf_drv_gpiote.o
    0x000233d4   0x00000018   Code   RO         1467    i.pin_in_use_by_te  nrf_drv_gpiote.o
    0x000233ec   0x0000003c   Code   RO         2299    i.rtc1_stop         app_timer.o
    0x00023428   0x00000032   Code   RO         1704    i.rx_byte           nrf_drv_uart.o
    0x0002345a   0x000000a2   Code   RO         1165    i.rx_char_add       ble_nus.o
    0x000234fc   0x00000018   Code   RO         1705    i.rx_done_event     nrf_drv_uart.o
    0x00023514   0x00000020   Code   RO         1706    i.rx_enable         nrf_drv_uart.o
    0x00023534   0x00000070   Code   RO         3178    i.sd_nvic_EnableIRQ  softdevice_handler.o
    0x000235a4   0x0000002e   Code   RO         2814    i.serial_tx         nrf_log_backend_serial.o
    0x000235d2   0x00000002   PAD
    0x000235d4   0x00000088   Code   RO          775    i.service_data_encode  ble_advdata.o
    0x0002365c   0x00000048   Code   RO          855    i.set_adv_mode_fast  ble_advertising.o
    0x000236a4   0x00000044   Code   RO          856    i.set_adv_mode_slow  ble_advertising.o
    0x000236e8   0x00000028   Code   RO           34    i.sleep_mode_enter  main.o
    0x00023710   0x00000014   Code   RO         3179    i.softdevice_app_ram_start_get  softdevice_handler.o
    0x00023724   0x00000014   Code   RO         3180    i.softdevice_ble_evt_handler_set  softdevice_handler.o
    0x00023738   0x000000f0   Code   RO         3181    i.softdevice_enable  softdevice_handler.o
    0x00023828   0x00000004   Code   RO         3182    i.softdevice_fault_handler  softdevice_handler.o
    0x0002382c   0x00000064   Code   RO         3183    i.softdevice_handler_init  softdevice_handler.o
    0x00023890   0x0000000c   Code   RO         3184    i.softdevice_handler_is_enabled  softdevice_handler.o
    0x0002389c   0x00000084   Code   RO           35    i.spi_event_handler  main.o
    0x00023920   0x000000b2   Code   RO         1926    i.spim_xfer         nrf_drv_spi.o
    0x000239d2   0x00000002   PAD
    0x000239d4   0x00000080   Code   RO         2300    i.timer_list_handler  app_timer.o
    0x00023a54   0x0000003c   Code   RO         2301    i.timer_list_insert  app_timer.o
    0x00023a90   0x00000060   Code   RO         2302    i.timer_list_remove  app_timer.o
    0x00023af0   0x00000048   Code   RO         2303    i.timer_stop_op_schedule  app_timer.o
    0x00023b38   0x00000074   Code   RO         2304    i.timer_timeouts_check  app_timer.o
    0x00023bac   0x00000034   Code   RO         2815    i.timestamp_process  nrf_log_backend_serial.o
    0x00023be0   0x00000020   Code   RO         1707    i.tx_byte           nrf_drv_uart.o
    0x00023c00   0x000000da   Code   RO         1166    i.tx_char_add       ble_nus.o
    0x00023cda   0x0000001c   Code   RO         1708    i.tx_done_event     nrf_drv_uart.o
    0x00023cf6   0x00000002   PAD
    0x00023cf8   0x00000064   Code   RO           36    i.uart_event_handle  main.o
    0x00023d5c   0x000000a0   Code   RO         2454    i.uart_event_handler  app_uart_fifo.o
    0x00023dfc   0x0000011e   Code   RO         1709    i.uart_irq_handler  nrf_drv_uart.o
    0x00023f1a   0x000000f0   Code   RO         1710    i.uarte_irq_handler  nrf_drv_uart.o
    0x0002400a   0x0000000a   Code   RO          776    i.uint16_encode     ble_advdata.o
    0x00024014   0x00000060   Code   RO          948    i.update_timeout_handler  ble_conn_params.o
    0x00024074   0x00000030   Code   RO         2305    i.user_op_alloc     app_timer.o
    0x000240a4   0x00000030   Code   RO          777    i.uuid_list_encode  ble_advdata.o
    0x000240d4   0x0000009e   Code   RO          778    i.uuid_list_sized_encode  ble_advdata.o
    0x00024172   0x00000002   PAD
    0x00024174   0x00000034   Data   RO           38    .constdata          main.o
    0x000241a8   0x00000008   Data   RO          460    .constdata          boards.o
    0x000241b0   0x0000002c   Data   RO          580    .constdata          bsp.o
    0x000241dc   0x00000004   Data   RO          951    .constdata          ble_conn_params.o
    0x000241e0   0x00000016   Data   RO         1080    .constdata          nrf_ble_gatt.o
    0x000241f6   0x00000002   PAD
    0x000241f8   0x00000010   Data   RO         1167    .constdata          ble_nus.o
    0x00024208   0x00000004   Data   RO         1469    .constdata          nrf_drv_gpiote.o
    0x0002420c   0x00000008   Data   RO         2030    .constdata          app_button.o
    0x00024214   0x00000020   Data   RO         2456    .constdata          app_uart_fifo.o
    0x00024234   0x00000081   Data   RO         3361    .constdata          mc_w.l(ctype_o.o)
    0x000242b5   0x00000003   PAD
    0x000242b8   0x00000004   Data   RO         3362    .constdata          mc_w.l(ctype_o.o)
    0x000242bc   0x00000186   Data   RO         1081    .conststring        nrf_ble_gatt.o
    0x00024442   0x00000002   PAD
    0x00024444   0x00000020   Data   RO         3696    Region$$Table       anon$$obj.o


    Execution Region RW_IRAM1 (Base: 0x200025f8, Size: 0x00002ae8, Max: 0x0000da08, ABSOLUTE)

    Base Addr    Size         Type   Attr      Idx    E Section Name        Object

    0x200025f8   0x00000016   Data   RW           39    .data               main.o
    0x2000260e   0x00000002   PAD
    0x20002610   0x00000010   Data   RW          581    .data               bsp.o
    0x20002620   0x00000008   Data   RW          685    .data               bsp_btn_ble.o
    0x20002628   0x0000001f   Data   RW          858    .data               ble_advertising.o
    0x20002647   0x00000001   PAD
    0x20002648   0x00000014   Data   RW          952    .data               ble_conn_params.o
    0x2000265c   0x00000014   Data   RW         2031    .data               app_button.o
    0x20002670   0x00000014   Data   RW         2307    .data               app_timer.o
    0x20002684   0x00000010   Data   RW         2457    .data               app_uart_fifo.o
    0x20002694   0x00000004   Data   RW         2771    .data               retarget.o
    0x20002698   0x00000002   Data   RW         2817    .data               nrf_log_backend_serial.o
    0x2000269a   0x00000002   PAD
    0x2000269c   0x00000014   Data   RW         3190    .data               softdevice_handler.o
    0x200026b0   0x00000004   Data   RW         3324    .data               system_nrf52.o
    0x200026b4   0x000003bc   Zero   RW           37    .bss                main.o
    0x20002a70   0x00000020   Zero   RW          576    .bss                bsp.o
    0x20002a90   0x00000020   Zero   RW          577    .bss                bsp.o
    0x20002ab0   0x0000000c   Zero   RW          578    .bss                bsp.o
    0x20002abc   0x00000020   Zero   RW          579    .bss                bsp.o
    0x20002adc   0x000000b3   Zero   RW          857    .bss                ble_advertising.o
    0x20002b8f   0x00000001   PAD
    0x20002b90   0x00000020   Zero   RW          949    .bss                ble_conn_params.o
    0x20002bb0   0x0000001c   Zero   RW          950    .bss                ble_conn_params.o
    0x20002bcc   0x00000014   Zero   RW         1235    .bss                nrf_drv_clock.o
    0x20002be0   0x00000058   Zero   RW         1468    .bss                nrf_drv_gpiote.o
    0x20002c38   0x00000020   Zero   RW         1711    .bss                nrf_drv_uart.o
    0x20002c58   0x00000024   Zero   RW         1927    .bss                nrf_drv_spi.o
    0x20002c7c   0x00000020   Zero   RW         2029    .bss                app_button.o
    0x20002c9c   0x0000010c   Zero   RW         2306    .bss                app_timer.o
    0x20002da8   0x00000020   Zero   RW         2455    .bss                app_uart_fifo.o
    0x20002dc8   0x0000000c   Zero   RW         2521    .bss                app_util_platform.o
    0x20002dd4   0x00000068   Zero   RW         2598    .bss                fstorage.o
    0x20002e3c   0x0000001c   Zero   RW         2914    .bss                nrf_log_frontend.o
    0x20002e58   0x00000288   Zero   RW         3041    .bss                segger_rtt.o
    0x200030e0   0x00002000   Zero   RW         3312    STACK               arm_startup_nrf52.o


==============================================================================

Image component sizes


      Code (inc. data)   RO Data    RW Data    ZI Data      Debug   Object Name

       332         34          8         20         32      10510   app_button.o
        22          0          0          0          0       2329   app_error.o
        96         54          0          0          0      27413   app_error_weak.o
       118          0          0          0          0       5306   app_fifo.o
         0          0          0          0          0      20808   app_scheduler.o
      1630        122          0         20        268      48739   app_timer.o
       452         42         32         16         32      11202   app_uart_fifo.o
       124         14          0          0         12       9682   app_util_platform.o
        36          8        512          0       8192        968   arm_startup_nrf52.o
      1330          0          0          0          0      36180   ble_advdata.o
       940         66          0         31        179      11799   ble_advertising.o
       436         54          4         20         60       6148   ble_conn_params.o
       650          6         16          0          0       6366   ble_nus.o
         8          0          0          0          0       1542   ble_srv_common.o
       318         42          8          0          0      14008   boards.o
       960         84         44         16        108      16123   bsp.o
       252         10          0          8          0       9865   bsp_btn_ble.o
        20          4          0          0        104       3956   fstorage.o
      3104        642         52         22        956     155647   main.o
       648         32        412          0          0      32572   nrf_ble_gatt.o
       288         22          0          0         20      13308   nrf_drv_clock.o
        56          0          0          0          0      27599   nrf_drv_common.o
      1178         84          4          0         88      31388   nrf_drv_gpiote.o
       770         20          0          0         36      21308   nrf_drv_spi.o
      2140         66          0          0         32      43861   nrf_drv_uart.o
       716         30          0          2          0      10279   nrf_log_backend_serial.o
       160         12          0          0         28       8982   nrf_log_frontend.o
        14          0          0          4          0       2998   retarget.o
       390         40          0          0        648       8977   segger_rtt.o
       744        216          0         20          0      43451   softdevice_handler.o
       796         70          0          4          0       3159   system_nrf52.o

    ----------------------------------------------------------------------
     18760       1774       1128        188      10796     646473   Object Totals
         0          0         32          0          0          0   (incl. Generated)
        32          0          4          5          1          0   (incl. Padding)

    ----------------------------------------------------------------------

      Code (inc. data)   RO Data    RW Data    ZI Data      Debug   Library Member Name

         8          4        133          0          0         68   ctype_o.o
         0          0          0          0          0          0   entry.o
         0          0          0          0          0          0   entry10a.o
         0          0          0          0          0          0   entry11a.o
         8          4          0          0          0          0   entry2.o
         4          0          0          0          0          0   entry5.o
         0          0          0          0          0          0   entry7b.o
         0          0          0          0          0          0   entry8b.o
         8          4          0          0          0          0   entry9a.o
        30          0          0          0          0          0   handlers.o
        36          8          0          0          0         68   init.o
        30          0          0          0          0         68   llshl.o
        32          0          0          0          0         68   llushr.o
        36          0          0          0          0         68   memcpya.o
        36          0          0          0          0        108   memseta.o
      1216         58          0          0          0        504   printf8.o
        18          0          0          0          0         68   strcpy.o
        14          0          0          0          0         68   strlen.o
        98          0          0          0          0         92   uldiv.o

    ----------------------------------------------------------------------
      1580         78        136          0          0       1180   Library Totals
         6          0          3          0          0          0   (incl. Padding)

    ----------------------------------------------------------------------

      Code (inc. data)   RO Data    RW Data    ZI Data      Debug   Library Name

      1574         78        133          0          0       1180   mc_w.l

    ----------------------------------------------------------------------
      1580         78        136          0          0       1180   Library Totals

    ----------------------------------------------------------------------

==============================================================================


      Code (inc. data)   RO Data    RW Data    ZI Data      Debug   

     20340       1852       1264        188      10796     625137   Grand Totals
     20340       1852       1264        188      10796     625137   ELF Image Totals
     20340       1852       1264        188          0          0   ROM Totals

==============================================================================

    Total RO  Size (Code + RO Data)                21604 (  21.10kB)
    Total RW  Size (RW Data + ZI Data)             10984 (  10.73kB)
    Total ROM Size (Code + RO Data + RW Data)      21792 (  21.28kB)

==============================================================================

