<html>
<body>
<pre>
<h1>µVision Build Log</h1>
<h2>Tool Versions:</h2>
IDE-Version: µVision V5.17.0.0
Copyright (C) 2015 ARM Ltd and ARM Germany GmbH. All rights reserved.
License Information: Tai TAI LE, fdfd, LIC=HN02Z-J823T-UG87Q-N1B2C-EHBE5-W78TG
 
Tool Versions:
Toolchain:       MDK-ARM Standard  Version: 5.17
Toolchain Path:  C:\Keil_v5\ARM\ARMCC\Bin
C Compiler:      Armcc.exe V5.06 update 1 (build 61)
Assembler:       Armasm.exe V5.06 update 1 (build 61)
Linker/Locator:  ArmLink.exe V5.06 update 1 (build 61)
Library Manager: ArmAr.exe V5.06 update 1 (build 61)
Hex Converter:   FromElf.exe V5.06 update 1 (build 61)
CPU DLL:         
Dialog DLL:      
Target DLL:      Segger\JL2CM3.dll V2.99.16.0
Dialog DLL:      TCM.DLL V1.14.6.0
 
<h2>Project:</h2>
E:\Study\UCI research work\1Play with ADS TI\BLE application\nRF5_SDK_13.0.0_04a0bfd\examples\ble_peripheral\ble_app_uart_ADS_ECG\pca10040\s132\arm5_no_packs\ble_app_uart_pca10040_s132.uvprojx
Project File Date:  02/15/2020

<h2>Output:</h2>
*** Using Compiler 'V5.06 update 1 (build 61)', folder: 'C:\Keil_v5\ARM\ARMCC\Bin'
Build target 'nrf52832_xxaa'
compiling bsp_nfc.c...
compiling boards.c...
compiling ble_advdata.c...
compiling bsp.c...
compiling ble_advertising.c...
compiling bsp_btn_ble.c...
compiling main.c...
..\..\..\main.c(518): warning:  #188-D: enumerated type mixed with another type
  	nrf_gpio_cfg_input(
RDY, 
PIO_PIN_CNF_PULL_Pullup);	
..\..\..\main.c(615): warning:  #550-D: variable "err_code" was set but never used
  	uint32_t err_code;
..\..\..\main.c(627): warning:  #550-D: variable "err_code" was set but never used
  	uint32_t err_code;
..\..\..\main.c(640): warning:  #550-D: variable "err_code" was set but never used
  	uint32_t err_code;
..\..\..\main.c(723): warning:  #177-D: variable "dummyData" was declared but never referenced
  	uint8_t dummyData[1] = {0x00};
..\..\..\main.c(969): warning:  #177-D: function "power_manage" was declared but never referenced
  static void power_manage(void)
..\..\..\main.c: 6 warnings, 0 errors
compiling ble_srv_common.c...
compiling ble_conn_params.c...
compiling nrf_drv_common.c...
compiling ble_nus.c...
compiling nrf_drv_clock.c...
compiling nrf_ble_gatt.c...
compiling nrf_drv_gpiote.c...
compiling nrf_drv_uart.c...
compiling nrf_drv_spi.c...
compiling app_button.c...
compiling app_fifo.c...
compiling app_error_weak.c...
compiling app_scheduler.c...
compiling app_error.c...
compiling fstorage.c...
compiling app_util_platform.c...
compiling hardfault_implementation.c...
compiling nrf_strerror.c...
compiling nrf_assert.c...
compiling app_timer.c...
compiling RTT_Syscalls_KEIL.c...
compiling app_uart_fifo.c...
compiling SEGGER_RTT_printf.c...
assembling arm_startup_nrf52.s...
compiling system_nrf52.c...
compiling SEGGER_RTT.c...
compiling retarget.c...
compiling nrf_log_frontend.c...
compiling nrf_log_backend_serial.c...
compiling softdevice_handler.c...
linking...
Program Size: Code=20340 RO-data=1264 RW-data=188 ZI-data=10796  
FromELF: creating hex file...
".\_build\nrf52832_xxaa.axf" - 0 Error(s), 6 Warning(s).

<h2>Software Packages used:</h2>

Package Vendor: ARM
                http://www.keil.com/pack/ARM.CMSIS.4.5.0.pack
                ARM::CMSIS:CORE:4.3.0
                CMSIS (Cortex Microcontroller Software Interface Standard)
   * Component: CORE Version: 4.3.0

Package Vendor: NordicSemiconductor
                http://developer.nordicsemi.com/nRF5_SDK/pieces/nRF_DeviceFamilyPack/NordicSemiconductor.nRF_DeviceFamilyPack.8.12.0.pack
                NordicSemiconductor::Device:Startup:8.12.0
                Nordic Semiconductor nRF ARM devices Device Family Pack.
   * Component: Startup Version: 8.12.0

<h2>Collection of Component include folders:</h2>
  E:\Study\UCI research work\1Play with ADS TI\BLE application\nRF5_SDK_13.0.0_04a0bfd\examples\ble_peripheral\ble_app_uart_ADS_ECG\pca10040\s132\arm5_no_packs\RTE
  C:\Keil_v5\ARM\PACK\ARM\CMSIS\4.5.0\CMSIS\Include
  C:\Keil_v5\ARM\PACK\NordicSemiconductor\nRF_DeviceFamilyPack\8.12.0\Device\Include
  C:\Keil_v5\ARM\PACK\NordicSemiconductor\nRF_DeviceFamilyPack\8.16.0\Device\Include

<h2>Collection of Component Files used:</h2>

   * Component: ARM::CMSIS:CORE:4.3.0

   * Component: NordicSemiconductor::Device:Startup:8.12.0
      Source file:   Device\Source\arm\arm_startup_nrf52.s
      Source file:   Device\Source\system_nrf52.c
      Include file:  Device\Include\system_nrf52.h
Build Time Elapsed:  00:00:16
</pre>
</body>
</html>
